Archive member included to satisfy reference by file (symbol)

D:\Test\CarSystCharger\TrafficControl\ArduinoCore\Debug\libArduinoCore.a(HardwareSerial.o)
                              TrafficControl/UART.o (_ZN14HardwareSerial9availableEv)
D:\Test\CarSystCharger\TrafficControl\ArduinoCore\Debug\libArduinoCore.a(HardwareSerial0.o)
                              TrafficControl/UART.o (Serial)
D:\Test\CarSystCharger\TrafficControl\ArduinoCore\Debug\libArduinoCore.a(main.o)
                              C:/Program Files (x86)/Atmel/Studio/7.0/Packs/atmel/ATmega_DFP/1.7.374/gcc/dev/atmega328pb/avr5/crtatmega328pb.o (main)
D:\Test\CarSystCharger\TrafficControl\ArduinoCore\Debug\libArduinoCore.a(Print.o)
                              D:\Test\CarSystCharger\TrafficControl\ArduinoCore\Debug\libArduinoCore.a(HardwareSerial.o) (_ZN5Print5writeEPKhj)
D:\Test\CarSystCharger\TrafficControl\ArduinoCore\Debug\libArduinoCore.a(wiring.o)
                              TrafficControl/Wire/src/utility/twi.o (micros)
D:\Test\CarSystCharger\TrafficControl\ArduinoCore\Debug\libArduinoCore.a(wiring_digital.o)
                              LoconetLib/LocoNet.o (pinMode)
D:\Test\CarSystCharger\TrafficControl\ArduinoCore\Debug\libArduinoCore.a(abi.o)
                              D:\Test\CarSystCharger\TrafficControl\ArduinoCore\Debug\libArduinoCore.a(Print.o) (__cxa_pure_virtual)
D:\Test\CarSystCharger\TrafficControl\ArduinoCore\Debug\libArduinoCore.a(hooks.o)
                              D:\Test\CarSystCharger\TrafficControl\ArduinoCore\Debug\libArduinoCore.a(wiring.o) (yield)
c:/program files (x86)/atmel/studio/7.0/toolchain/avr8/avr8-gnu-toolchain/bin/../lib/gcc/avr/5.4.0/../../../../avr/lib/avr5\libm.a(addsf3.o)
                              D:\Test\CarSystCharger\TrafficControl\ArduinoCore\Debug\libArduinoCore.a(Print.o) (__subsf3)
c:/program files (x86)/atmel/studio/7.0/toolchain/avr8/avr8-gnu-toolchain/bin/../lib/gcc/avr/5.4.0/../../../../avr/lib/avr5\libm.a(addsf3x.o)
                              c:/program files (x86)/atmel/studio/7.0/toolchain/avr8/avr8-gnu-toolchain/bin/../lib/gcc/avr/5.4.0/../../../../avr/lib/avr5\libm.a(addsf3.o) (__addsf3x)
c:/program files (x86)/atmel/studio/7.0/toolchain/avr8/avr8-gnu-toolchain/bin/../lib/gcc/avr/5.4.0/../../../../avr/lib/avr5\libm.a(cmpsf2.o)
                              D:\Test\CarSystCharger\TrafficControl\ArduinoCore\Debug\libArduinoCore.a(Print.o) (__ltsf2)
c:/program files (x86)/atmel/studio/7.0/toolchain/avr8/avr8-gnu-toolchain/bin/../lib/gcc/avr/5.4.0/../../../../avr/lib/avr5\libm.a(divsf3.o)
                              D:\Test\CarSystCharger\TrafficControl\ArduinoCore\Debug\libArduinoCore.a(Print.o) (__divsf3)
c:/program files (x86)/atmel/studio/7.0/toolchain/avr8/avr8-gnu-toolchain/bin/../lib/gcc/avr/5.4.0/../../../../avr/lib/avr5\libm.a(divsf3x.o)
                              c:/program files (x86)/atmel/studio/7.0/toolchain/avr8/avr8-gnu-toolchain/bin/../lib/gcc/avr/5.4.0/../../../../avr/lib/avr5\libm.a(divsf3.o) (__divsf3x)
c:/program files (x86)/atmel/studio/7.0/toolchain/avr8/avr8-gnu-toolchain/bin/../lib/gcc/avr/5.4.0/../../../../avr/lib/avr5\libm.a(fixunssfsi.o)
                              D:\Test\CarSystCharger\TrafficControl\ArduinoCore\Debug\libArduinoCore.a(Print.o) (__fixunssfsi)
c:/program files (x86)/atmel/studio/7.0/toolchain/avr8/avr8-gnu-toolchain/bin/../lib/gcc/avr/5.4.0/../../../../avr/lib/avr5\libm.a(floatsisf.o)
                              D:\Test\CarSystCharger\TrafficControl\ArduinoCore\Debug\libArduinoCore.a(Print.o) (__floatunsisf)
c:/program files (x86)/atmel/studio/7.0/toolchain/avr8/avr8-gnu-toolchain/bin/../lib/gcc/avr/5.4.0/../../../../avr/lib/avr5\libm.a(fp_cmp.o)
                              c:/program files (x86)/atmel/studio/7.0/toolchain/avr8/avr8-gnu-toolchain/bin/../lib/gcc/avr/5.4.0/../../../../avr/lib/avr5\libm.a(cmpsf2.o) (__fp_cmp)
c:/program files (x86)/atmel/studio/7.0/toolchain/avr8/avr8-gnu-toolchain/bin/../lib/gcc/avr/5.4.0/../../../../avr/lib/avr5\libm.a(fp_inf.o)
                              c:/program files (x86)/atmel/studio/7.0/toolchain/avr8/avr8-gnu-toolchain/bin/../lib/gcc/avr/5.4.0/../../../../avr/lib/avr5\libm.a(addsf3x.o) (__fp_inf)
c:/program files (x86)/atmel/studio/7.0/toolchain/avr8/avr8-gnu-toolchain/bin/../lib/gcc/avr/5.4.0/../../../../avr/lib/avr5\libm.a(fp_nan.o)
                              c:/program files (x86)/atmel/studio/7.0/toolchain/avr8/avr8-gnu-toolchain/bin/../lib/gcc/avr/5.4.0/../../../../avr/lib/avr5\libm.a(addsf3x.o) (__fp_nan)
c:/program files (x86)/atmel/studio/7.0/toolchain/avr8/avr8-gnu-toolchain/bin/../lib/gcc/avr/5.4.0/../../../../avr/lib/avr5\libm.a(fp_pscA.o)
                              c:/program files (x86)/atmel/studio/7.0/toolchain/avr8/avr8-gnu-toolchain/bin/../lib/gcc/avr/5.4.0/../../../../avr/lib/avr5\libm.a(addsf3x.o) (__fp_pscA)
[...]
Memory Configuration

Name             Origin             Length             Attributes
text             0x00000000         0x00008000         xr
data             0x00800100         0x00000800         rw !x
eeprom           0x00810000         0x00000400         rw !x
fuse             0x00820000         0x00000003         rw !x
lock             0x00830000         0x00000400         rw !x
signature        0x00840000         0x00000400         rw !x
user_signatures  0x00850000         0x00000400         rw !x
*default*        0x00000000         0xffffffff

Linker script and memory map

Address of section .data set to 0x800100
LOAD C:/Program Files (x86)/Atmel/Studio/7.0/Packs/atmel/ATmega_DFP/1.7.374/gcc/dev/atmega328pb/avr5/crtatmega328pb.o
LOAD TrafficControl/Adafruit_INA219.o
LOAD TrafficControl/LocoPacket.o
LOAD TrafficControl/Logic.o
LOAD TrafficControl/Timer.o
LOAD TrafficControl/UART.o
LOAD LoconetLib/LocoNet.o
LOAD LoconetLib/utility/ln_buf.o
LOAD LoconetLib/utility/ln_sw_uart.o
LOAD LoconetLib/utility/utils.o
LOAD Sketch.o
LOAD TrafficControl/Wire/src/utility/twi.o
LOAD TrafficControl/Wire/src/Wire.o
START GROUP
LOAD c:/program files (x86)/atmel/studio/7.0/toolchain/avr8/avr8-gnu-toolchain/bin/../lib/gcc/avr/5.4.0/../../../../avr/lib/avr5\libm.a
LOAD D:\Test\CarSystCharger\TrafficControl\ArduinoCore\Debug\libArduinoCore.a
END GROUP
LOAD c:/program files (x86)/atmel/studio/7.0/toolchain/avr8/avr8-gnu-toolchain/bin/../lib/gcc/avr/5.4.0/avr5\libgcc.a
LOAD c:/program files (x86)/atmel/studio/7.0/toolchain/avr8/avr8-gnu-toolchain/bin/../lib/gcc/avr/5.4.0/../../../../avr/lib/avr5\libm.a
START GROUP
LOAD c:/program files (x86)/atmel/studio/7.0/toolchain/avr8/avr8-gnu-toolchain/bin/../lib/gcc/avr/5.4.0/avr5\libgcc.a
LOAD c:/program files (x86)/atmel/studio/7.0/toolchain/avr8/avr8-gnu-toolchain/bin/../lib/gcc/avr/5.4.0/../../../../avr/lib/avr5\libm.a
LOAD c:/program files (x86)/atmel/studio/7.0/toolchain/avr8/avr8-gnu-toolchain/bin/../lib/gcc/avr/5.4.0/../../../../avr/lib/avr5\libc.a
LOAD C:/Program Files (x86)/Atmel/Studio/7.0/Packs/atmel/ATmega_DFP/1.7.374/gcc/dev/atmega328pb/avr5\libatmega328pb.a
END GROUP
                [0x00000000]                __TEXT_REGION_ORIGIN__ = DEFINED (__TEXT_REGION_ORIGIN__)?__TEXT_REGION_ORIGIN__:0x0
                [0x00800100]                __DATA_REGION_ORIGIN__ = DEFINED (__DATA_REGION_ORIGIN__)?__DATA_REGION_ORIGIN__:0x800060
                [0x00008000]                __TEXT_REGION_LENGTH__ = DEFINED (__TEXT_REGION_LENGTH__)?__TEXT_REGION_LENGTH__:0x20000
                [0x00000800]                __DATA_REGION_LENGTH__ = DEFINED (__DATA_REGION_LENGTH__)?__DATA_REGION_LENGTH__:0xffa0
                [0x00000400]                __EEPROM_REGION_LENGTH__ = DEFINED (__EEPROM_REGION_LENGTH__)?__EEPROM_REGION_LENGTH__:0x10000
                [0x00000003]                __FUSE_REGION_LENGTH__ = DEFINED (__FUSE_REGION_LENGTH__)?__FUSE_REGION_LENGTH__:0x400
                0x00000400                __LOCK_REGION_LENGTH__ = DEFINED (__LOCK_REGION_LENGTH__)?__LOCK_REGION_LENGTH__:0x400
                0x00000400                __SIGNATURE_REGION_LENGTH__ = DEFINED (__SIGNATURE_REGION_LENGTH__)?__SIGNATURE_REGION_LENGTH__:0x400
                0x00000400                __USER_SIGNATURE_REGION_LENGTH__ = DEFINED (__USER_SIGNATURE_REGION_LENGTH__)?__USER_SIGNATURE_REGION_LENGTH__:0x400

.hash
 *(.hash)

.dynsym
 *(.dynsym)

.dynstr
 *(.dynstr)

.gnu.version
 *(.gnu.version)

.gnu.version_d
 *(.gnu.version_d)

.gnu.version_r
 *(.gnu.version_r)

.rel.init
 *(.rel.init)

.rela.init
 *(.rela.init)

.rel.text
 *(.rel.text)
 *(.rel.text.*)
 *(.rel.gnu.linkonce.t*)

.rela.text
 *(.rela.text)
 *(.rela.text.*)
 *(.rela.gnu.linkonce.t*)

.rel.fini
 *(.rel.fini)

.rela.fini
 *(.rela.fini)

.rel.rodata
 *(.rel.rodata)
 *(.rel.rodata.*)
 *(.rel.gnu.linkonce.r*)

.rela.rodata
 *(.rela.rodata)
 *(.rela.rodata.*)
 *(.rela.gnu.linkonce.r*)

.rel.data
 *(.rel.data)
 *(.rel.data.*)
 *(.rel.gnu.linkonce.d*)

.rela.data
 *(.rela.data)
 *(.rela.data.*)
 *(.rela.gnu.linkonce.d*)

.rel.ctors
 *(.rel.ctors)

.rela.ctors
 *(.rela.ctors)

.rel.dtors
 *(.rel.dtors)

.rela.dtors
 *(.rela.dtors)

.rel.got
 *(.rel.got)

.rela.got
 *(.rela.got)

.rel.bss
 *(.rel.bss)

.rela.bss
 *(.rela.bss)

.rel.plt
 *(.rel.plt)

.rela.plt
 *(.rela.plt)

.text           0x00000000     0x2536
 *(.vectors)
 .vectors       0x00000000       0xb4 C:/Program Files (x86)/Atmel/Studio/7.0/Packs/atmel/ATmega_DFP/1.7.374/gcc/dev/atmega328pb/avr5/crtatmega328pb.o
                0x00000000                __vector_default
                0x00000000                __vectors
 *(.vectors)
 *(.progmem.gcc*)
 .progmem.gcc_sw_table.turnOffPWM
                0x000000b4       0x1a D:\Test\CarSystCharger\TrafficControl\ArduinoCore\Debug\libArduinoCore.a(wiring_digital.o)
                0x000000ce                . = ALIGN (0x2)
                0x000000ce                __trampolines_start = .
 *(.trampolines)
 .trampolines   0x000000ce        0x0 linker stubs
 *(.trampolines*)
                0x000000ce                __trampolines_end = .
 *libprintf_flt.a:*(.progmem.data)
 *libc.a:*(.progmem.data)
 *(.progmem*)
 .progmem.data._ZZN4UART9read_commEvE3__c
                0x000000ce       0x19 TrafficControl/UART.o
 .progmem.data._ZZN4UART4readEvE3__c_0
                0x000000e7        0xa TrafficControl/UART.o
 .progmem.data._ZZN4UART4readEvE3__c
                0x000000f1       0x17 TrafficControl/UART.o
 .progmem.data._ZZ4loopE3__c
                0x00000108        0x7 Sketch.o
 .progmem.data._ZZ5setupE3__c
                0x0000010f        0xf Sketch.o
 .progmem.data.digital_pin_to_timer_PGM
                0x0000011e       0x14 D:\Test\CarSystCharger\TrafficControl\ArduinoCore\Debug\libArduinoCore.a(wiring_digital.o)
                0x0000011e                digital_pin_to_timer_PGM
 .progmem.data.digital_pin_to_bit_mask_PGM
                0x00000132       0x14 D:\Test\CarSystCharger\TrafficControl\ArduinoCore\Debug\libArduinoCore.a(wiring_digital.o)
                0x00000132                digital_pin_to_bit_mask_PGM
 .progmem.data.digital_pin_to_port_PGM
                0x00000146       0x14 D:\Test\CarSystCharger\TrafficControl\ArduinoCore\Debug\libArduinoCore.a(wiring_digital.o)
                0x00000146                digital_pin_to_port_PGM
 .progmem.data.port_to_output_PGM
                0x0000015a        0xa D:\Test\CarSystCharger\TrafficControl\ArduinoCore\Debug\libArduinoCore.a(wiring_digital.o)
                0x0000015a                port_to_output_PGM
 .progmem.data.port_to_mode_PGM
                0x00000164        0xa D:\Test\CarSystCharger\TrafficControl\ArduinoCore\Debug\libArduinoCore.a(wiring_digital.o)
                0x00000164                port_to_mode_PGM
                0x0000016e                . = ALIGN (0x2)
 *(.jumptables)
 *(.jumptables*)
 *(.lowtext)
 *(.lowtext*)
                0x0000016e                __ctors_start = .
 *(.ctors)
 .ctors         0x0000016e        0x2 Sketch.o
 .ctors         0x00000170        0x2 TrafficControl/Wire/src/Wire.o
 .ctors         0x00000172        0x2 D:\Test\CarSystCharger\TrafficControl\ArduinoCore\Debug\libArduinoCore.a(HardwareSerial0.o)
                0x00000174                __ctors_end = .
                0x00000174                __dtors_start = .
 *(.dtors)
                0x00000174                __dtors_end = .
 SORT(*)(.ctors)
 SORT(*)(.dtors)
 *(.init0)
 .init0         0x00000174        0x0 C:/Program Files (x86)/Atmel/Studio/7.0/Packs/atmel/ATmega_DFP/1.7.374/gcc/dev/atmega328pb/avr5/crtatmega328pb.o
                0x00000174                __init
 *(.init0)
 *(.init1)
 *(.init1)
 *(.init2)
 .init2         0x00000174        0xc C:/Program Files (x86)/Atmel/Studio/7.0/Packs/atmel/ATmega_DFP/1.7.374/gcc/dev/atmega328pb/avr5/crtatmega328pb.o
 *(.init2)
 *(.init3)
 *(.init3)
 *(.init4)
 .init4         0x00000180       0x16 c:/program files (x86)/atmel/studio/7.0/toolchain/avr8/avr8-gnu-toolchain/bin/../lib/gcc/avr/5.4.0/avr5\libgcc.a(_copy_data.o)
                0x00000180                __do_copy_data
 .init4         0x00000196       0x10 c:/program files (x86)/atmel/studio/7.0/toolchain/avr8/avr8-gnu-toolchain/bin/../lib/gcc/avr/5.4.0/avr5\libgcc.a(_clear_bss.o)
                0x00000196                __do_clear_bss
 *(.init4)
 *(.init5)
 *(.init5)
 *(.init6)
 .init6         0x000001a6       0x16 c:/program files (x86)/atmel/studio/7.0/toolchain/avr8/avr8-gnu-toolchain/bin/../lib/gcc/avr/5.4.0/avr5\libgcc.a(_ctors.o)
                0x000001a6                __do_global_ctors
 *(.init6)
 *(.init7)
 *(.init7)
 *(.init8)
 *(.init8)
 *(.init9)
 .init9         0x000001bc        0x8 C:/Program Files (x86)/Atmel/Studio/7.0/Packs/atmel/ATmega_DFP/1.7.374/gcc/dev/atmega328pb/avr5/crtatmega328pb.o
 *(.init9)
 *(.text)
 .text          0x000001c4        0x4 C:/Program Files (x86)/Atmel/Studio/7.0/Packs/atmel/ATmega_DFP/1.7.374/gcc/dev/atmega328pb/avr5/crtatmega328pb.o
                0x000001c4                __vector_38
                0x000001c4                __vector_22
                0x000001c4                __vector_28
                0x000001c4                __vector_1
                0x000001c4                __vector_32
                0x000001c4                __vector_34
                0x000001c4                __vector_24
                0x000001c4                __vector_12
                0x000001c4                __bad_interrupt
                0x000001c4                __vector_6
                0x000001c4                __vector_31
                0x000001c4                __vector_35
                0x000001c4                __vector_39
                0x000001c4                __vector_3
                0x000001c4                __vector_23
                0x000001c4                __vector_30
                0x000001c4                __vector_25
                0x000001c4                __vector_13
                0x000001c4                __vector_17
                0x000001c4                __vector_7
                0x000001c4                __vector_41
                0x000001c4                __vector_43
                0x000001c4                __vector_27
                0x000001c4                __vector_5
                0x000001c4                __vector_33
                0x000001c4                __vector_37
                0x000001c4                __vector_4
                0x000001c4                __vector_44
                0x000001c4                __vector_2
                0x000001c4                __vector_21
                0x000001c4                __vector_15
                0x000001c4                __vector_36
                0x000001c4                __vector_29
                0x000001c4                __vector_40
                0x000001c4                __vector_8
                0x000001c4                __vector_26
                0x000001c4                __vector_14
                0x000001c4                __vector_20
                0x000001c4                __vector_42
                0x000001c8                . = ALIGN (0x2)
 *(.text.*)
 .text._ZN10LocoPacketC2Ev
                0x000001c8       0x1c TrafficControl/LocoPacket.o
                0x000001c8                _ZN10LocoPacketC2Ev
                0x000001c8                _ZN10LocoPacketC1Ev
 .text._ZN10LocoPacket7send_B2Ejb
                0x000001e4       0xe4 TrafficControl/LocoPacket.o
                0x000001e4                _ZN10LocoPacket7send_B2Ejb
 .text._ZN10LocoPacket13send_B2_helloEv
                0x000002c8        0xa TrafficControl/LocoPacket.o
                0x000002c8                _ZN10LocoPacket13send_B2_helloEv
 .text._ZN10LocoPacket7read_B2Ejb
                0x000002d2       0x16 TrafficControl/LocoPacket.o
                0x000002d2                _ZN10LocoPacket7read_B2Ejb
 .text._ZN10LocoPacket4readEv
                0x000002e8       0xf2 TrafficControl/LocoPacket.o
                0x000002e8                _ZN10LocoPacket4readEv
 .text._Z15logic_timer_1Hzv
                0x000003da        0x2 TrafficControl/Logic.o
                0x000003da                _Z15logic_timer_1Hzv
 .text._ZN5TimerC2Ev
                0x000003dc       0x20 TrafficControl/Timer.o
                0x000003dc                _ZN5TimerC2Ev
                0x000003dc                _ZN5TimerC1Ev
 .text.__vector_9
                0x000003fc       0x5e TrafficControl/Timer.o
                0x000003fc                __vector_9
 .text._ZN4UARTC2Ev
                0x0000045a        0xe TrafficControl/UART.o
                0x0000045a                _ZN4UARTC1Ev
                0x0000045a                _ZN4UARTC2Ev
 .text._ZN4UART5printEPKcz
                0x00000468       0x62 TrafficControl/UART.o
                0x00000468                _ZN4UART5printEPKcz
 .text._ZN4UART13clear_buff_rxEv
                0x000004ca       0x1c TrafficControl/UART.o
                0x000004ca                _ZN4UART13clear_buff_rxEv
 .text._ZN4UART9read_nameEPKc
                0x000004e6       0x84 TrafficControl/UART.o
                0x000004e6                _ZN4UART9read_nameEPKc
 .text._ZN4UART8read_numEv
                0x0000056a       0xae TrafficControl/UART.o
                0x0000056a                _ZN4UART8read_numEv
 .text._ZN4UART9read_commEv
                0x00000618       0x52 TrafficControl/UART.o
                0x00000618                _ZN4UART9read_commEv
 .text._ZN4UART4readEv
                0x0000066a       0xa8 TrafficControl/UART.o
                0x0000066a                _ZN4UART4readEv
 .text._ZN12LocoNetClass8setTxPinEh
                0x00000712       0x50 LoconetLib/LocoNet.o
                0x00000712                _ZN12LocoNetClass8setTxPinEh
 .text._ZN12LocoNetClass4initEh
                0x00000762       0x22 LoconetLib/LocoNet.o
                0x00000762                _ZN12LocoNetClass4initEh
 .text._ZN12LocoNetClass9availableEv
                0x00000784       0x1a LoconetLib/LocoNet.o
                0x00000784                _ZN12LocoNetClass9availableEv
 .text._ZN12LocoNetClass7receiveEv
                0x0000079e        0x4 LoconetLib/LocoNet.o
                0x0000079e                _ZN12LocoNetClass7receiveEv
 .text._ZN12LocoNetClass4sendEP5lnMsgh
                0x000007a2       0x6a LoconetLib/LocoNet.o
                0x000007a2                _ZN12LocoNetClass4sendEP5lnMsgh
 .text._ZN12LocoNetClass4sendEP5lnMsg
                0x0000080c        0x6 LoconetLib/LocoNet.o
                0x0000080c                _ZN12LocoNetClass4sendEP5lnMsg
 .text.initLnBuf
                0x00000812       0x12 LoconetLib/utility/ln_buf.o
                0x00000812                initLnBuf
 .text.recvLnMsg
                0x00000824      0x208 LoconetLib/utility/ln_buf.o
                0x00000824                recvLnMsg
 .text.getLnMsgSize
                0x00000a2c       0x1a LoconetLib/utility/ln_buf.o
                0x00000a2c                getLnMsgSize
 .text._Z15setTxPortAndPinPVhh
                0x00000a46        0xe LoconetLib/utility/ln_sw_uart.o
                0x00000a46                _Z15setTxPortAndPinPVhh
 .text.__vector_10
                0x00000a54       0x64 LoconetLib/utility/ln_sw_uart.o
                0x00000a54                __vector_10
 .text.__vector_11
                0x00000ab8      0x29e LoconetLib/utility/ln_sw_uart.o
                0x00000ab8                __vector_11
 .text._Z19initLocoNetHardwareP5LnBuf
                0x00000d56       0x52 LoconetLib/utility/ln_sw_uart.o
                0x00000d56                _Z19initLocoNetHardwareP5LnBuf
 .text._Z20sendLocoNetPacketTryP5lnMsgh
                0x00000da8      0x164 LoconetLib/utility/ln_sw_uart.o
                0x00000da8                _Z20sendLocoNetPacketTryP5lnMsgh
 .text.loop     0x00000f0c       0x50 Sketch.o
                0x00000f0c                loop
 .text.startup._GLOBAL__sub_I_uart
                0x00000f5c       0x18 Sketch.o
 .text._ZL15ina219_writeReghj
                0x00000f74       0x40 Sketch.o
 .text.setup    0x00000fb4       0x68 Sketch.o
                0x00000fb4                setup
 .text.twi_init
                0x0000101c       0x3c TrafficControl/Wire/src/utility/twi.o
                0x0000101c                twi_init
 .text.twi_disable
                0x00001058       0x1a TrafficControl/Wire/src/utility/twi.o
                0x00001058                twi_disable
 .text.twi_setAddress
                0x00001072        0x8 TrafficControl/Wire/src/utility/twi.o
                0x00001072                twi_setAddress
 .text.twi_transmit
                0x0000107a       0x50 TrafficControl/Wire/src/utility/twi.o
                0x0000107a                twi_transmit
 .text.twi_attachSlaveRxEvent
                0x000010ca        0xa TrafficControl/Wire/src/utility/twi.o
                0x000010ca                twi_attachSlaveRxEvent
 .text.twi_attachSlaveTxEvent
                0x000010d4        0xa TrafficControl/Wire/src/utility/twi.o
                0x000010d4                twi_attachSlaveTxEvent
 .text.twi_handleTimeout
                0x000010de       0x2c TrafficControl/Wire/src/utility/twi.o
                0x000010de                twi_handleTimeout
 .text.twi_writeTo
                0x0000110a      0x1e0 TrafficControl/Wire/src/utility/twi.o
                0x0000110a                twi_writeTo
 .text._ZN5Print17availableForWriteEv
                0x000012ea        0x6 TrafficControl/Wire/src/Wire.o
                0x000012ea                _ZN5Print17availableForWriteEv
 .text._ZN7TwoWire9availableEv
                0x000012f0       0x10 TrafficControl/Wire/src/Wire.o
                0x000012f0                _ZN7TwoWire9availableEv
 .text._ZN7TwoWire4readEv
                0x00001300       0x28 TrafficControl/Wire/src/Wire.o
                0x00001300                _ZN7TwoWire4readEv
 .text._ZN7TwoWire4peekEv
                0x00001328       0x1e TrafficControl/Wire/src/Wire.o
                0x00001328                _ZN7TwoWire4peekEv
 .text._ZN7TwoWire5flushEv
                0x00001346        0x2 TrafficControl/Wire/src/Wire.o
                0x00001346                _ZN7TwoWire5flushEv
 .text._ZN7TwoWire16onReceiveServiceEPhi
                0x00001348       0x54 TrafficControl/Wire/src/Wire.o
                0x00001348                _ZN7TwoWire16onReceiveServiceEPhi
 .text._ZN7TwoWire16onRequestServiceEv
                0x0000139c       0x18 TrafficControl/Wire/src/Wire.o
                0x0000139c                _ZN7TwoWire16onRequestServiceEv
 .text._ZN7TwoWire5writeEPKhj
                0x000013b4       0x5a TrafficControl/Wire/src/Wire.o
                0x000013b4                _ZN7TwoWire5writeEPKhj
 .text._ZN7TwoWire5writeEh
                0x0000140e       0x5e TrafficControl/Wire/src/Wire.o
                0x0000140e                _ZN7TwoWire5writeEh
 .text._ZN7TwoWireC2Ev
                0x0000146c       0x20 TrafficControl/Wire/src/Wire.o
                0x0000146c                _ZN7TwoWireC1Ev
                0x0000146c                _ZN7TwoWireC2Ev
 .text._ZN7TwoWire5beginEv
                0x0000148c       0x24 TrafficControl/Wire/src/Wire.o
                0x0000148c                _ZN7TwoWire5beginEv
 .text._ZN7TwoWire5beginEh
                0x000014b0       0x10 TrafficControl/Wire/src/Wire.o
                0x000014b0                _ZN7TwoWire5beginEh
 .text._ZN7TwoWire5beginEi
                0x000014c0        0x4 TrafficControl/Wire/src/Wire.o
                0x000014c0                _ZN7TwoWire5beginEi
 .text._ZN7TwoWire17beginTransmissionEh
                0x000014c4       0x14 TrafficControl/Wire/src/Wire.o
                0x000014c4                _ZN7TwoWire17beginTransmissionEh
 .text._ZN7TwoWire15endTransmissionEh
                0x000014d8       0x26 TrafficControl/Wire/src/Wire.o
                0x000014d8                _ZN7TwoWire15endTransmissionEh
 .text._ZN7TwoWire15endTransmissionEv
                0x000014fe        0x6 TrafficControl/Wire/src/Wire.o
                0x000014fe                _ZN7TwoWire15endTransmissionEv
 .text.startup._GLOBAL__sub_I__ZN7TwoWire8rxBufferE
                0x00001504        0x8 TrafficControl/Wire/src/Wire.o
 .text._ZN14HardwareSerial9availableEv
                0x0000150c       0x18 D:\Test\CarSystCharger\TrafficControl\ArduinoCore\Debug\libArduinoCore.a(HardwareSerial.o)
                0x0000150c                _ZN14HardwareSerial9availableEv
 .text._ZN14HardwareSerial4peekEv
                0x00001524       0x1c D:\Test\CarSystCharger\TrafficControl\ArduinoCore\Debug\libArduinoCore.a(HardwareSerial.o)
                0x00001524                _ZN14HardwareSerial4peekEv
 .text._ZN14HardwareSerial4readEv
                0x00001540       0x28 D:\Test\CarSystCharger\TrafficControl\ArduinoCore\Debug\libArduinoCore.a(HardwareSerial.o)
                0x00001540                _ZN14HardwareSerial4readEv
 .text._ZN14HardwareSerial17availableForWriteEv
                0x00001568       0x1e D:\Test\CarSystCharger\TrafficControl\ArduinoCore\Debug\libArduinoCore.a(HardwareSerial.o)
                0x00001568                _ZN14HardwareSerial17availableForWriteEv
 .text._Z14serialEventRunv
                0x00001586       0x3e D:\Test\CarSystCharger\TrafficControl\ArduinoCore\Debug\libArduinoCore.a(HardwareSerial.o)
                0x00001586                _Z14serialEventRunv
 .text._ZN14HardwareSerial17_tx_udr_empty_irqEv
                0x000015c4       0x44 D:\Test\CarSystCharger\TrafficControl\ArduinoCore\Debug\libArduinoCore.a(HardwareSerial.o)
                0x000015c4                _ZN14HardwareSerial17_tx_udr_empty_irqEv
 .text._ZN14HardwareSerial5writeEh
                0x00001608       0x9a D:\Test\CarSystCharger\TrafficControl\ArduinoCore\Debug\libArduinoCore.a(HardwareSerial.o)
                0x00001608                _ZN14HardwareSerial5writeEh
 .text._ZN14HardwareSerial5flushEv
                0x000016a2       0x44 D:\Test\CarSystCharger\TrafficControl\ArduinoCore\Debug\libArduinoCore.a(HardwareSerial.o)
                0x000016a2                _ZN14HardwareSerial5flushEv
 .text._ZN14HardwareSerial5beginEmh
                0x000016e6       0xc0 D:\Test\CarSystCharger\TrafficControl\ArduinoCore\Debug\libArduinoCore.a(HardwareSerial.o)
                0x000016e6                _ZN14HardwareSerial5beginEmh
 .text.__vector_18
                0x000017a6       0x64 D:\Test\CarSystCharger\TrafficControl\ArduinoCore\Debug\libArduinoCore.a(HardwareSerial0.o)
                0x000017a6                __vector_18
 .text.__vector_19
                0x0000180a       0x4c D:\Test\CarSystCharger\TrafficControl\ArduinoCore\Debug\libArduinoCore.a(HardwareSerial0.o)
                0x0000180a                __vector_19
 .text._Z17Serial0_availablev
                0x00001856       0x14 D:\Test\CarSystCharger\TrafficControl\ArduinoCore\Debug\libArduinoCore.a(HardwareSerial0.o)
                0x00001856                _Z17Serial0_availablev
 .text.startup._GLOBAL__sub_I___vector_18
                0x0000186a       0x5a D:\Test\CarSystCharger\TrafficControl\ArduinoCore\Debug\libArduinoCore.a(HardwareSerial0.o)
 .text.initVariant
                0x000018c4        0x2 D:\Test\CarSystCharger\TrafficControl\ArduinoCore\Debug\libArduinoCore.a(main.o)
                0x000018c4                initVariant
 .text.startup.main
                0x000018c6       0x1e D:\Test\CarSystCharger\TrafficControl\ArduinoCore\Debug\libArduinoCore.a(main.o)
                0x000018c6                main
 .text._ZN5Print5writeEPKhj
                0x000018e4       0x54 D:\Test\CarSystCharger\TrafficControl\ArduinoCore\Debug\libArduinoCore.a(Print.o)
                0x000018e4                _ZN5Print5writeEPKhj
 .text._ZN5Print5writeEPKc
                0x00001938       0x2a D:\Test\CarSystCharger\TrafficControl\ArduinoCore\Debug\libArduinoCore.a(Print.o)
                0x00001938                _ZN5Print5writeEPKc
 .text._ZN5Print5printEPKc
                0x00001962        0x4 D:\Test\CarSystCharger\TrafficControl\ArduinoCore\Debug\libArduinoCore.a(Print.o)
                0x00001962                _ZN5Print5printEPKc
 .text.__vector_16
                0x00001966       0x94 D:\Test\CarSystCharger\TrafficControl\ArduinoCore\Debug\libArduinoCore.a(wiring.o)
                0x00001966                __vector_16
 .text.micros   0x000019fa       0x4a D:\Test\CarSystCharger\TrafficControl\ArduinoCore\Debug\libArduinoCore.a(wiring.o)
                0x000019fa                micros
 .text.init     0x00001a44       0xaa D:\Test\CarSystCharger\TrafficControl\ArduinoCore\Debug\libArduinoCore.a(wiring.o)
                0x00001a44                init
 .text.turnOffPWM
                0x00001aee       0x72 D:\Test\CarSystCharger\TrafficControl\ArduinoCore\Debug\libArduinoCore.a(wiring_digital.o)
 .text.pinMode  0x00001b60       0x78 D:\Test\CarSystCharger\TrafficControl\ArduinoCore\Debug\libArduinoCore.a(wiring_digital.o)
                0x00001b60                pinMode
 .text.digitalWrite
                0x00001bd8       0x5e D:\Test\CarSystCharger\TrafficControl\ArduinoCore\Debug\libArduinoCore.a(wiring_digital.o)
                0x00001bd8                digitalWrite
 .text.libgcc.div
                0x00001c36       0x44 c:/program files (x86)/atmel/studio/7.0/toolchain/avr8/avr8-gnu-toolchain/bin/../lib/gcc/avr/5.4.0/avr5\libgcc.a(_udivmodsi4.o)
                0x00001c36                __udivmodsi4
 .text.libgcc   0x00001c7a        0xc c:/program files (x86)/atmel/studio/7.0/toolchain/avr8/avr8-gnu-toolchain/bin/../lib/gcc/avr/5.4.0/avr5\libgcc.a(_tablejump2.o)
                0x00001c7a                __tablejump2__
 .text.avr-libc
                0x00001c86      0x242 c:/program files (x86)/atmel/studio/7.0/toolchain/avr8/avr8-gnu-toolchain/bin/../lib/gcc/avr/5.4.0/../../../../avr/lib/avr5\libc.a(malloc.o)
                0x00001c86                malloc
                0x00001db6                free
 .text.avr-libc
                0x00001ec8       0x3c c:/program files (x86)/atmel/studio/7.0/toolchain/avr8/avr8-gnu-toolchain/bin/../lib/gcc/avr/5.4.0/../../../../avr/lib/avr5\libc.a(atoi.o)
                0x00001ec8                atoi
 .text.avr-libc
                0x00001f04       0x24 c:/program files (x86)/atmel/studio/7.0/toolchain/avr8/avr8-gnu-toolchain/bin/../lib/gcc/avr/5.4.0/../../../../avr/lib/avr5\libc.a(memmove.o)
                0x00001f04                memmove
 .text.avr-libc
                0x00001f28       0x10 c:/program files (x86)/atmel/studio/7.0/toolchain/avr8/avr8-gnu-toolchain/bin/../lib/gcc/avr/5.4.0/../../../../avr/lib/avr5\libc.a(mul10.o)
                0x00001f28                __mulhi_const_10
 .text.avr-libc
                0x00001f38       0x58 c:/program files (x86)/atmel/studio/7.0/toolchain/avr8/avr8-gnu-toolchain/bin/../lib/gcc/avr/5.4.0/../../../../avr/lib/avr5\libc.a(vsnprintf_p.o)
                0x00001f38                vsnprintf_P
 .text.avr-libc
                0x00001f90      0x3c2 c:/program files (x86)/atmel/studio/7.0/toolchain/avr8/avr8-gnu-toolchain/bin/../lib/gcc/avr/5.4.0/../../../../avr/lib/avr5\libc.a(vfprintf_std.o)
                0x00001f90                vfprintf
 .text.avr-libc
                0x00002352       0x16 c:/program files (x86)/atmel/studio/7.0/toolchain/avr8/avr8-gnu-toolchain/bin/../lib/gcc/avr/5.4.0/../../../../avr/lib/avr5\libc.a(strnlen_P.o)
                0x00002352                strnlen_P
 .text.avr-libc
                0x00002368       0x12 c:/program files (x86)/atmel/studio/7.0/toolchain/avr8/avr8-gnu-toolchain/bin/../lib/gcc/avr/5.4.0/../../../../avr/lib/avr5\libc.a(memcpy.o)
                0x00002368                memcpy
 .text.avr-libc
                0x0000237a       0x16 c:/program files (x86)/atmel/studio/7.0/toolchain/avr8/avr8-gnu-toolchain/bin/../lib/gcc/avr/5.4.0/../../../../avr/lib/avr5\libc.a(strnlen.o)
                0x0000237a                strnlen
 .text.avr-libc
                0x00002390       0x78 c:/program files (x86)/atmel/studio/7.0/toolchain/avr8/avr8-gnu-toolchain/bin/../lib/gcc/avr/5.4.0/../../../../avr/lib/avr5\libc.a(fputc.o)
                0x00002390                fputc
 .text.avr-libc
                0x00002408       0xbc c:/program files (x86)/atmel/studio/7.0/toolchain/avr8/avr8-gnu-toolchain/bin/../lib/gcc/avr/5.4.0/../../../../avr/lib/avr5\libc.a(ultoa_invert.o)
                0x00002408                __ultoa_invert
 .text.libgcc.prologue
                0x000024c4       0x38 c:/program files (x86)/atmel/studio/7.0/toolchain/avr8/avr8-gnu-toolchain/bin/../lib/gcc/avr/5.4.0/avr5\libgcc.a(_prologue.o)
                0x000024c4                __prologue_saves__
 .text.libgcc.prologue
                0x000024fc       0x36 c:/program files (x86)/atmel/studio/7.0/toolchain/avr8/avr8-gnu-toolchain/bin/../lib/gcc/avr/5.4.0/avr5\libgcc.a(_epilogue.o)
                0x000024fc                __epilogue_restores__
                0x00002532                . = ALIGN (0x2)
 *(.fini9)
 .fini9         0x00002532        0x0 c:/program files (x86)/atmel/studio/7.0/toolchain/avr8/avr8-gnu-toolchain/bin/../lib/gcc/avr/5.4.0/avr5\libgcc.a(_exit.o)
                0x00002532                _exit
                0x00002532                exit
 *(.fini9)
 *(.fini8)
 *(.fini8)
 *(.fini7)
 *(.fini7)
 *(.fini6)
 *(.fini6)
 *(.fini5)
 *(.fini5)
 *(.fini4)
 *(.fini4)
 *(.fini3)
 *(.fini3)
 *(.fini2)
 *(.fini2)
 *(.fini1)
 *(.fini1)
 *(.fini0)
 .fini0         0x00002532        0x4 c:/program files (x86)/atmel/studio/7.0/toolchain/avr8/avr8-gnu-toolchain/bin/../lib/gcc/avr/5.4.0/avr5\libgcc.a(_exit.o)
 *(.fini0)
                0x00002536                _etext = .

.data           0x00800100       0x38 load address 0x00002536
                0x00800100                PROVIDE (__data_start, .)
 *(.data)
 .data          0x00800100        0x6 c:/program files (x86)/atmel/studio/7.0/toolchain/avr8/avr8-gnu-toolchain/bin/../lib/gcc/avr/5.4.0/../../../../avr/lib/avr5\libc.a(malloc.o)
                0x00800100                __malloc_heap_end
                0x00800102                __malloc_heap_start
                0x00800104                __malloc_margin
 *(.data*)
 *(.gnu.linkonce.d*)
 *(.rodata)
 *(.rodata*)
 .rodata.str1.1
                0x00800106        0xd TrafficControl/UART.o
 .rodata._ZTV7TwoWire
                0x00800113       0x12 TrafficControl/Wire/src/Wire.o
                0x00800113                _ZTV7TwoWire
 .rodata._ZTV14HardwareSerial
                0x00800125       0x12 D:\Test\CarSystCharger\TrafficControl\ArduinoCore\Debug\libArduinoCore.a(HardwareSerial.o)
                0x00800125                _ZTV14HardwareSerial
 *(.gnu.linkonce.r*)
                0x00800138                . = ALIGN (0x2)
 *fill*         0x00800137        0x1 
                0x00800138                _edata = .
                0x00800138                PROVIDE (__data_end, .)

.bss            0x00800138      0x2c7
                0x00800138                PROVIDE (__bss_start, .)
 *(.bss)
 *(.bss*)
 .bss.LocoNet   0x00800138      0x109 LoconetLib/LocoNet.o
                0x00800138                LocoNet
 .bss.txPin     0x00800241        0x1 LoconetLib/utility/ln_sw_uart.o
                0x00800241                txPin
 .bss.txPort    0x00800242        0x2 LoconetLib/utility/ln_sw_uart.o
                0x00800242                txPort
 .bss.lnTxSuccess
                0x00800244        0x1 LoconetLib/utility/ln_sw_uart.o
                0x00800244                lnTxSuccess
 .bss.lnTxLength
                0x00800245        0x1 LoconetLib/utility/ln_sw_uart.o
                0x00800245                lnTxLength
 .bss.lnTxIndex
                0x00800246        0x1 LoconetLib/utility/ln_sw_uart.o
                0x00800246                lnTxIndex
 .bss.lnTxData  0x00800247        0x2 LoconetLib/utility/ln_sw_uart.o
                0x00800247                lnTxData
 .bss.lnRxBuffer
                0x00800249        0x2 LoconetLib/utility/ln_sw_uart.o
                0x00800249                lnRxBuffer
 .bss.lnCompareTarget
                0x0080024b        0x2 LoconetLib/utility/ln_sw_uart.o
                0x0080024b                lnCompareTarget
 .bss.lnCurrentByte
                0x0080024d        0x1 LoconetLib/utility/ln_sw_uart.o
                0x0080024d                lnCurrentByte
 .bss.lnBitCount
                0x0080024e        0x1 LoconetLib/utility/ln_sw_uart.o
                0x0080024e                lnBitCount
 .bss.lnState   0x0080024f        0x1 LoconetLib/utility/ln_sw_uart.o
                0x0080024f                lnState
 .bss.loco      0x00800250       0x18 Sketch.o
                0x00800250                loco
 .bss.timer     0x00800268        0x3 Sketch.o
                0x00800268                timer
 .bss.uart      0x0080026b       0x42 Sketch.o
                0x0080026b                uart
 .bss.twi_error
                0x008002ad        0x1 TrafficControl/Wire/src/utility/twi.o
 .bss.twi_txBufferLength
                0x008002ae        0x1 TrafficControl/Wire/src/utility/twi.o
 .bss.twi_txBuffer
                0x008002af       0x20 TrafficControl/Wire/src/utility/twi.o
 .bss.twi_masterBufferLength
                0x008002cf        0x1 TrafficControl/Wire/src/utility/twi.o
 .bss.twi_masterBufferIndex
                0x008002d0        0x1 TrafficControl/Wire/src/utility/twi.o
 .bss.twi_masterBuffer
                0x008002d1       0x20 TrafficControl/Wire/src/utility/twi.o
 .bss.twi_onSlaveReceive
                0x008002f1        0x2 TrafficControl/Wire/src/utility/twi.o
 .bss.twi_onSlaveTransmit
                0x008002f3        0x2 TrafficControl/Wire/src/utility/twi.o
 .bss.twi_do_reset_on_timeout
                0x008002f5        0x1 TrafficControl/Wire/src/utility/twi.o
 .bss.twi_timed_out_flag
                0x008002f6        0x1 TrafficControl/Wire/src/utility/twi.o
 .bss.twi_timeout_us
                0x008002f7        0x4 TrafficControl/Wire/src/utility/twi.o
 .bss.twi_inRepStart
                0x008002fb        0x1 TrafficControl/Wire/src/utility/twi.o
 .bss.twi_sendStop
                0x008002fc        0x1 TrafficControl/Wire/src/utility/twi.o
 .bss.twi_slarw
                0x008002fd        0x1 TrafficControl/Wire/src/utility/twi.o
 .bss.twi_state
                0x008002fe        0x1 TrafficControl/Wire/src/utility/twi.o
 .bss.Wire      0x008002ff        0xc TrafficControl/Wire/src/Wire.o
                0x008002ff                Wire
 .bss._ZN7TwoWire14user_onReceiveE
                0x0080030b        0x2 TrafficControl/Wire/src/Wire.o
                0x0080030b                _ZN7TwoWire14user_onReceiveE
 .bss._ZN7TwoWire14user_onRequestE
                0x0080030d        0x2 TrafficControl/Wire/src/Wire.o
                0x0080030d                _ZN7TwoWire14user_onRequestE
 .bss._ZN7TwoWire12transmittingE
                0x0080030f        0x1 TrafficControl/Wire/src/Wire.o
                0x0080030f                _ZN7TwoWire12transmittingE
 .bss._ZN7TwoWire14txBufferLengthE
                0x00800310        0x1 TrafficControl/Wire/src/Wire.o
                0x00800310                _ZN7TwoWire14txBufferLengthE
 .bss._ZN7TwoWire13txBufferIndexE
                0x00800311        0x1 TrafficControl/Wire/src/Wire.o
                0x00800311                _ZN7TwoWire13txBufferIndexE
 .bss._ZN7TwoWire8txBufferE
                0x00800312       0x20 TrafficControl/Wire/src/Wire.o
                0x00800312                _ZN7TwoWire8txBufferE
 .bss._ZN7TwoWire9txAddressE
                0x00800332        0x1 TrafficControl/Wire/src/Wire.o
                0x00800332                _ZN7TwoWire9txAddressE
 .bss._ZN7TwoWire14rxBufferLengthE
                0x00800333        0x1 TrafficControl/Wire/src/Wire.o
                0x00800333                _ZN7TwoWire14rxBufferLengthE
 .bss._ZN7TwoWire13rxBufferIndexE
                0x00800334        0x1 TrafficControl/Wire/src/Wire.o
                0x00800334                _ZN7TwoWire13rxBufferIndexE
 .bss._ZN7TwoWire8rxBufferE
                0x00800335       0x20 TrafficControl/Wire/src/Wire.o
                0x00800335                _ZN7TwoWire8rxBufferE
 .bss.Serial    0x00800355       0x9d D:\Test\CarSystCharger\TrafficControl\ArduinoCore\Debug\libArduinoCore.a(HardwareSerial0.o)
                0x00800355                Serial
 .bss.timer0_fract
                0x008003f2        0x1 D:\Test\CarSystCharger\TrafficControl\ArduinoCore\Debug\libArduinoCore.a(wiring.o)
 .bss.timer0_millis
                0x008003f3        0x4 D:\Test\CarSystCharger\TrafficControl\ArduinoCore\Debug\libArduinoCore.a(wiring.o)
                0x008003f3                timer0_millis
 .bss.timer0_overflow_count
                0x008003f7        0x4 D:\Test\CarSystCharger\TrafficControl\ArduinoCore\Debug\libArduinoCore.a(wiring.o)
                0x008003f7                timer0_overflow_count
 *(COMMON)
 COMMON         0x008003fb        0x4 c:/program files (x86)/atmel/studio/7.0/toolchain/avr8/avr8-gnu-toolchain/bin/../lib/gcc/avr/5.4.0/../../../../avr/lib/avr5\libc.a(malloc.o)
                0x008003fb                __brkval
                0x008003fd                __flp
                0x008003ff                PROVIDE (__bss_end, .)
                0x00002536                __data_load_start = LOADADDR (.data)
                0x0000256e                __data_load_end = (__data_load_start + SIZEOF (.data))

.noinit         0x008003ff        0x0
                [!provide]                PROVIDE (__noinit_start, .)
 *(.noinit*)
                [!provide]                PROVIDE (__noinit_end, .)
                0x008003ff                _end = .
                0x008003ff                PROVIDE (__heap_start, .)

.eeprom         0x00810000        0x0
 *(.eeprom*)
                0x00810000                __eeprom_end = .

.fuse
 *(.fuse)
 *(.lfuse)
 *(.hfuse)
 *(.efuse)

.lock
 *(.lock*)

.signature
 *(.signature*)

.user_signatures
 *(.user_signatures*)

.stab
 *(.stab)

.stabstr
 *(.stabstr)

.stab.excl
 *(.stab.excl)

.stab.exclstr
 *(.stab.exclstr)

.stab.index
 *(.stab.index)

.stab.indexstr
 *(.stab.indexstr)

.comment        0x00000000       0x5c
 *(.comment)
 .comment       0x00000000       0x30 TrafficControl/LocoPacket.o
                                 0x31 (size before relaxing)
 .comment       0x00000030       0x31 TrafficControl/Logic.o
 .comment       0x00000030       0x31 TrafficControl/Timer.o
 .comment       0x00000030       0x31 TrafficControl/UART.o
 .comment       0x00000030       0x31 LoconetLib/LocoNet.o
 .comment       0x00000030       0x31 LoconetLib/utility/ln_buf.o
 .comment       0x00000030       0x31 LoconetLib/utility/ln_sw_uart.o
 .comment       0x00000030       0x31 Sketch.o
 .comment       0x00000030       0x31 TrafficControl/Wire/src/utility/twi.o
 .comment       0x00000030       0x31 TrafficControl/Wire/src/Wire.o
 .comment       0x00000030       0x31 D:\Test\CarSystCharger\TrafficControl\ArduinoCore\Debug\libArduinoCore.a(HardwareSerial.o)
 .comment       0x00000030       0x31 D:\Test\CarSystCharger\TrafficControl\ArduinoCore\Debug\libArduinoCore.a(HardwareSerial0.o)
 .comment       0x00000030       0x31 D:\Test\CarSystCharger\TrafficControl\ArduinoCore\Debug\libArduinoCore.a(main.o)
 .comment       0x00000030       0x31 D:\Test\CarSystCharger\TrafficControl\ArduinoCore\Debug\libArduinoCore.a(Print.o)
 .comment       0x00000030       0x31 D:\Test\CarSystCharger\TrafficControl\ArduinoCore\Debug\libArduinoCore.a(wiring.o)
 .comment       0x00000030       0x31 D:\Test\CarSystCharger\TrafficControl\ArduinoCore\Debug\libArduinoCore.a(wiring_digital.o)
 .comment       0x00000030       0x31 c:/program files (x86)/atmel/studio/7.0/toolchain/avr8/avr8-gnu-toolchain/bin/../lib/gcc/avr/5.4.0/../../../../avr/lib/avr5\libc.a(malloc.o)
 .comment       0x00000030       0x31 c:/program files (x86)/atmel/studio/7.0/toolchain/avr8/avr8-gnu-toolchain/bin/../lib/gcc/avr/5.4.0/../../../../avr/lib/avr5\libc.a(vsnprintf_p.o)
 .comment       0x00000030       0x2c c:/program files (x86)/atmel/studio/7.0/toolchain/avr8/avr8-gnu-toolchain/bin/../lib/gcc/avr/5.4.0/../../../../avr/lib/avr5\libc.a(vfprintf_std.o)
                                 0x2d (size before relaxing)
 .comment       0x0000005c       0x31 c:/program files (x86)/atmel/studio/7.0/toolchain/avr8/avr8-gnu-toolchain/bin/../lib/gcc/avr/5.4.0/../../../../avr/lib/avr5\libc.a(fputc.o)

.note.gnu.avr.deviceinfo
                0x00000000       0x40
 .note.gnu.avr.deviceinfo
                0x00000000       0x40 C:/Program Files (x86)/Atmel/Studio/7.0/Packs/atmel/ATmega_DFP/1.7.374/gcc/dev/atmega328pb/avr5/crtatmega328pb.o

.note.gnu.build-id
 *(.note.gnu.build-id)

.debug
 *(.debug)

.line
 *(.line)

.debug_srcinfo
 *(.debug_srcinfo)

.debug_sfnames
 *(.debug_sfnames)

.debug_aranges  0x00000000      0x808
 *(.debug_aranges)
 .debug_aranges
                0x00000000       0x58 TrafficControl/LocoPacket.o
 .debug_aranges
                0x00000058       0x20 TrafficControl/Logic.o
 .debug_aranges
                0x00000078       0x28 TrafficControl/Timer.o
 .debug_aranges
                0x000000a0       0x50 TrafficControl/UART.o
 .debug_aranges
                0x000000f0      0x260 LoconetLib/LocoNet.o
 .debug_aranges
                0x00000350       0x38 LoconetLib/utility/ln_buf.o
 .debug_aranges
                0x00000388       0x40 LoconetLib/utility/ln_sw_uart.o
 .debug_aranges
                0x000003c8       0x38 Sketch.o
 .debug_aranges
                0x00000400       0x98 TrafficControl/Wire/src/utility/twi.o
 .debug_aranges
                0x00000498      0x110 TrafficControl/Wire/src/Wire.o
 .debug_aranges
                0x000005a8       0x68 D:\Test\CarSystCharger\TrafficControl\ArduinoCore\Debug\libArduinoCore.a(HardwareSerial.o)
 .debug_aranges
                0x00000610       0x48 D:\Test\CarSystCharger\TrafficControl\ArduinoCore\Debug\libArduinoCore.a(HardwareSerial0.o)
 .debug_aranges
                0x00000658       0x30 D:\Test\CarSystCharger\TrafficControl\ArduinoCore\Debug\libArduinoCore.a(main.o)
 .debug_aranges
                0x00000688      0x100 D:\Test\CarSystCharger\TrafficControl\ArduinoCore\Debug\libArduinoCore.a(Print.o)
 .debug_aranges
                0x00000788       0x48 D:\Test\CarSystCharger\TrafficControl\ArduinoCore\Debug\libArduinoCore.a(wiring.o)
 .debug_aranges
                0x000007d0       0x38 D:\Test\CarSystCharger\TrafficControl\ArduinoCore\Debug\libArduinoCore.a(wiring_digital.o)

.debug_pubnames
 *(.debug_pubnames)

.debug_info     0x00000000    0x165a3
 *(.debug_info .gnu.linkonce.wi.*)
 .debug_info    0x00000000      0x8ea C:/Program Files (x86)/Atmel/Studio/7.0/Packs/atmel/ATmega_DFP/1.7.374/gcc/dev/atmega328pb/avr5/crtatmega328pb.o
 .debug_info    0x000008ea     0x1a33 TrafficControl/LocoPacket.o
 .debug_info    0x0000231d      0x183 TrafficControl/Logic.o
 .debug_info    0x000024a0      0x125 TrafficControl/Timer.o
 .debug_info    0x000025c5      0x7ba TrafficControl/UART.o
 .debug_info    0x00002d7f     0x5539 LoconetLib/LocoNet.o
 .debug_info    0x000082b8     0x11cf LoconetLib/utility/ln_buf.o
 .debug_info    0x00009487     0x13f6 LoconetLib/utility/ln_sw_uart.o
 .debug_info    0x0000a87d     0x1ca0 Sketch.o
 .debug_info    0x0000c51d      0x8e3 TrafficControl/Wire/src/utility/twi.o
 .debug_info    0x0000ce00     0x2910 TrafficControl/Wire/src/Wire.o
 .debug_info    0x0000f710     0x1fa1 D:\Test\CarSystCharger\TrafficControl\ArduinoCore\Debug\libArduinoCore.a(HardwareSerial.o)
 .debug_info    0x000116b1     0x1b16 D:\Test\CarSystCharger\TrafficControl\ArduinoCore\Debug\libArduinoCore.a(HardwareSerial0.o)
 .debug_info    0x000131c7      0x237 D:\Test\CarSystCharger\TrafficControl\ArduinoCore\Debug\libArduinoCore.a(main.o)
 .debug_info    0x000133fe     0x28ff D:\Test\CarSystCharger\TrafficControl\ArduinoCore\Debug\libArduinoCore.a(Print.o)
 .debug_info    0x00015cfd      0x2cb D:\Test\CarSystCharger\TrafficControl\ArduinoCore\Debug\libArduinoCore.a(wiring.o)
 .debug_info    0x00015fc8      0x5db D:\Test\CarSystCharger\TrafficControl\ArduinoCore\Debug\libArduinoCore.a(wiring_digital.o)

.debug_abbrev   0x00000000     0x3802
 *(.debug_abbrev)
 .debug_abbrev  0x00000000      0x86e C:/Program Files (x86)/Atmel/Studio/7.0/Packs/atmel/ATmega_DFP/1.7.374/gcc/dev/atmega328pb/avr5/crtatmega328pb.o
 .debug_abbrev  0x0000086e      0x348 TrafficControl/LocoPacket.o
 .debug_abbrev  0x00000bb6       0x98 TrafficControl/Logic.o
 .debug_abbrev  0x00000c4e       0xe7 TrafficControl/Timer.o
 .debug_abbrev  0x00000d35      0x336 TrafficControl/UART.o
 .debug_abbrev  0x0000106b      0x600 LoconetLib/LocoNet.o
 .debug_abbrev  0x0000166b      0x1d8 LoconetLib/utility/ln_buf.o
 .debug_abbrev  0x00001843      0x282 LoconetLib/utility/ln_sw_uart.o
 .debug_abbrev  0x00001ac5      0x402 Sketch.o
 .debug_abbrev  0x00001ec7      0x30e TrafficControl/Wire/src/utility/twi.o
 .debug_abbrev  0x000021d5      0x563 TrafficControl/Wire/src/Wire.o
 .debug_abbrev  0x00002738      0x4c6 D:\Test\CarSystCharger\TrafficControl\ArduinoCore\Debug\libArduinoCore.a(HardwareSerial.o)
 .debug_abbrev  0x00002bfe      0x3ce D:\Test\CarSystCharger\TrafficControl\ArduinoCore\Debug\libArduinoCore.a(HardwareSerial0.o)
 .debug_abbrev  0x00002fcc      0x12d D:\Test\CarSystCharger\TrafficControl\ArduinoCore\Debug\libArduinoCore.a(main.o)
 .debug_abbrev  0x000030f9      0x47a D:\Test\CarSystCharger\TrafficControl\ArduinoCore\Debug\libArduinoCore.a(Print.o)
 .debug_abbrev  0x00003573      0x146 D:\Test\CarSystCharger\TrafficControl\ArduinoCore\Debug\libArduinoCore.a(wiring.o)
 .debug_abbrev  0x000036b9      0x149 D:\Test\CarSystCharger\TrafficControl\ArduinoCore\Debug\libArduinoCore.a(wiring_digital.o)

.debug_line     0x00000000     0x51ed
 *(.debug_line .debug_line.* .debug_line_end)
 .debug_line    0x00000000      0x1a6 C:/Program Files (x86)/Atmel/Studio/7.0/Packs/atmel/ATmega_DFP/1.7.374/gcc/dev/atmega328pb/avr5/crtatmega328pb.o
 .debug_line    0x000001a6      0x3e7 TrafficControl/LocoPacket.o
 .debug_line    0x0000058d      0x116 TrafficControl/Logic.o
 .debug_line    0x000006a3      0x112 TrafficControl/Timer.o
 .debug_line    0x000007b5      0x3bf TrafficControl/UART.o
 .debug_line    0x00000b74     0x1a87 LoconetLib/LocoNet.o
 .debug_line    0x000025fb      0x279 LoconetLib/utility/ln_buf.o
 .debug_line    0x00002874      0x46b LoconetLib/utility/ln_sw_uart.o
 .debug_line    0x00002cdf      0x38a Sketch.o
 .debug_line    0x00003069      0x6e0 TrafficControl/Wire/src/utility/twi.o
 .debug_line    0x00003749      0x633 TrafficControl/Wire/src/Wire.o
 .debug_line    0x00003d7c      0x4d9 D:\Test\CarSystCharger\TrafficControl\ArduinoCore\Debug\libArduinoCore.a(HardwareSerial.o)
 .debug_line    0x00004255      0x28c D:\Test\CarSystCharger\TrafficControl\ArduinoCore\Debug\libArduinoCore.a(HardwareSerial0.o)
 .debug_line    0x000044e1      0x165 D:\Test\CarSystCharger\TrafficControl\ArduinoCore\Debug\libArduinoCore.a(main.o)
 .debug_line    0x00004646      0x685 D:\Test\CarSystCharger\TrafficControl\ArduinoCore\Debug\libArduinoCore.a(Print.o)
 .debug_line    0x00004ccb      0x2be D:\Test\CarSystCharger\TrafficControl\ArduinoCore\Debug\libArduinoCore.a(wiring.o)
 .debug_line    0x00004f89      0x264 D:\Test\CarSystCharger\TrafficControl\ArduinoCore\Debug\libArduinoCore.a(wiring_digital.o)

.debug_frame    0x00000000     0x1820
 *(.debug_frame)
 .debug_frame   0x00000000       0xe0 TrafficControl/LocoPacket.o
 .debug_frame   0x000000e0       0x24 TrafficControl/Logic.o
 .debug_frame   0x00000104       0x48 TrafficControl/Timer.o
 .debug_frame   0x0000014c      0x138 TrafficControl/UART.o
 .debug_frame   0x00000284      0x7a8 LoconetLib/LocoNet.o
 .debug_frame   0x00000a2c       0xb4 LoconetLib/utility/ln_buf.o
 .debug_frame   0x00000ae0       0xcc LoconetLib/utility/ln_sw_uart.o
 .debug_frame   0x00000bac       0x8c Sketch.o
 .debug_frame   0x00000c38      0x208 TrafficControl/Wire/src/utility/twi.o
 .debug_frame   0x00000e40      0x2b0 TrafficControl/Wire/src/Wire.o
 .debug_frame   0x000010f0      0x110 D:\Test\CarSystCharger\TrafficControl\ArduinoCore\Debug\libArduinoCore.a(HardwareSerial.o)
 .debug_frame   0x00001200       0xe0 D:\Test\CarSystCharger\TrafficControl\ArduinoCore\Debug\libArduinoCore.a(HardwareSerial0.o)
 .debug_frame   0x000012e0       0x54 D:\Test\CarSystCharger\TrafficControl\ArduinoCore\Debug\libArduinoCore.a(main.o)
 .debug_frame   0x00001334      0x3ac D:\Test\CarSystCharger\TrafficControl\ArduinoCore\Debug\libArduinoCore.a(Print.o)
 .debug_frame   0x000016e0       0xc4 D:\Test\CarSystCharger\TrafficControl\ArduinoCore\Debug\libArduinoCore.a(wiring.o)
 .debug_frame   0x000017a4       0x7c D:\Test\CarSystCharger\TrafficControl\ArduinoCore\Debug\libArduinoCore.a(wiring_digital.o)

.debug_str      0x00000000     0x4e48
 *(.debug_str)
 .debug_str     0x00000000      0x318 C:/Program Files (x86)/Atmel/Studio/7.0/Packs/atmel/ATmega_DFP/1.7.374/gcc/dev/atmega328pb/avr5/crtatmega328pb.o
 .debug_str     0x00000318      0xc8e TrafficControl/LocoPacket.o
                                0xda3 (size before relaxing)
 .debug_str     0x00000fa6       0x41 TrafficControl/Logic.o
                                0x292 (size before relaxing)
 .debug_str     0x00000fe7       0x65 TrafficControl/Timer.o
                                0x235 (size before relaxing)
 .debug_str     0x0000104c      0x1d4 TrafficControl/UART.o
                                0x479 (size before relaxing)
 .debug_str     0x00001220     0x1801 LoconetLib/LocoNet.o
                               0x24f4 (size before relaxing)
 .debug_str     0x00002a21       0x6d LoconetLib/utility/ln_buf.o
                                0x774 (size before relaxing)
 .debug_str     0x00002a8e       0xd6 LoconetLib/utility/ln_sw_uart.o
                                0x97f (size before relaxing)
 .debug_str     0x00002b64      0x19b Sketch.o
                               0x1035 (size before relaxing)
 .debug_str     0x00002cff      0x3b5 TrafficControl/Wire/src/utility/twi.o
                                0x4f9 (size before relaxing)
 .debug_str     0x000030b4     0x14a9 TrafficControl/Wire/src/Wire.o
                               0x19a8 (size before relaxing)
 .debug_str     0x0000455d      0x407 D:\Test\CarSystCharger\TrafficControl\ArduinoCore\Debug\libArduinoCore.a(HardwareSerial.o)
                               0x1658 (size before relaxing)
 .debug_str     0x00004964       0x47 D:\Test\CarSystCharger\TrafficControl\ArduinoCore\Debug\libArduinoCore.a(HardwareSerial0.o)
                               0x1403 (size before relaxing)
 .debug_str     0x000049ab       0x37 D:\Test\CarSystCharger\TrafficControl\ArduinoCore\Debug\libArduinoCore.a(main.o)
                                0x2af (size before relaxing)
 .debug_str     0x000049e2      0x379 D:\Test\CarSystCharger\TrafficControl\ArduinoCore\Debug\libArduinoCore.a(Print.o)
                               0x123d (size before relaxing)
 .debug_str     0x00004d5b       0x78 D:\Test\CarSystCharger\TrafficControl\ArduinoCore\Debug\libArduinoCore.a(wiring.o)
                                0x245 (size before relaxing)
 .debug_str     0x00004dd3       0x75 D:\Test\CarSystCharger\TrafficControl\ArduinoCore\Debug\libArduinoCore.a(wiring_digital.o)
                                0x2aa (size before relaxing)

.debug_loc      0x00000000     0x8c30
 *(.debug_loc)
 .debug_loc     0x00000000      0x5f0 TrafficControl/LocoPacket.o
 .debug_loc     0x000005f0       0x6f TrafficControl/Timer.o
 .debug_loc     0x0000065f      0x56a TrafficControl/UART.o
 .debug_loc     0x00000bc9     0x382b LoconetLib/LocoNet.o
 .debug_loc     0x000043f4      0x375 LoconetLib/utility/ln_buf.o
 .debug_loc     0x00004769      0x272 LoconetLib/utility/ln_sw_uart.o
 .debug_loc     0x000049db      0x1c2 Sketch.o
 .debug_loc     0x00004b9d      0x87f TrafficControl/Wire/src/utility/twi.o
 .debug_loc     0x0000541c      0xcbb TrafficControl/Wire/src/Wire.o
 .debug_loc     0x000060d7      0x449 D:\Test\CarSystCharger\TrafficControl\ArduinoCore\Debug\libArduinoCore.a(HardwareSerial.o)
 .debug_loc     0x00006520      0x1b0 D:\Test\CarSystCharger\TrafficControl\ArduinoCore\Debug\libArduinoCore.a(HardwareSerial0.o)
 .debug_loc     0x000066d0     0x1c87 D:\Test\CarSystCharger\TrafficControl\ArduinoCore\Debug\libArduinoCore.a(Print.o)
 .debug_loc     0x00008357      0x28d D:\Test\CarSystCharger\TrafficControl\ArduinoCore\Debug\libArduinoCore.a(wiring.o)
 .debug_loc     0x000085e4      0x64c D:\Test\CarSystCharger\TrafficControl\ArduinoCore\Debug\libArduinoCore.a(wiring_digital.o)

.debug_macinfo
 *(.debug_macinfo)

.debug_weaknames
 *(.debug_weaknames)

.debug_funcnames
 *(.debug_funcnames)

.debug_typenames
 *(.debug_typenames)

.debug_varnames
 *(.debug_varnames)

.debug_pubtypes
 *(.debug_pubtypes)

.debug_ranges   0x00000000      0x808
 *(.debug_ranges)
 .debug_ranges  0x00000000       0x78 TrafficControl/LocoPacket.o
 .debug_ranges  0x00000078       0x10 TrafficControl/Logic.o
 .debug_ranges  0x00000088       0x18 TrafficControl/Timer.o
 .debug_ranges  0x000000a0       0x90 TrafficControl/UART.o
 .debug_ranges  0x00000130      0x2a0 LoconetLib/LocoNet.o
 .debug_ranges  0x000003d0       0x28 LoconetLib/utility/ln_buf.o
 .debug_ranges  0x000003f8       0x30 LoconetLib/utility/ln_sw_uart.o
 .debug_ranges  0x00000428       0x28 Sketch.o
 .debug_ranges  0x00000450       0x88 TrafficControl/Wire/src/utility/twi.o
 .debug_ranges  0x000004d8      0x100 TrafficControl/Wire/src/Wire.o
 .debug_ranges  0x000005d8       0x58 D:\Test\CarSystCharger\TrafficControl\ArduinoCore\Debug\libArduinoCore.a(HardwareSerial.o)
 .debug_ranges  0x00000630       0x38 D:\Test\CarSystCharger\TrafficControl\ArduinoCore\Debug\libArduinoCore.a(HardwareSerial0.o)
 .debug_ranges  0x00000668       0x20 D:\Test\CarSystCharger\TrafficControl\ArduinoCore\Debug\libArduinoCore.a(main.o)
 .debug_ranges  0x00000688      0x120 D:\Test\CarSystCharger\TrafficControl\ArduinoCore\Debug\libArduinoCore.a(Print.o)
 .debug_ranges  0x000007a8       0x38 D:\Test\CarSystCharger\TrafficControl\ArduinoCore\Debug\libArduinoCore.a(wiring.o)
 .debug_ranges  0x000007e0       0x28 D:\Test\CarSystCharger\TrafficControl\ArduinoCore\Debug\libArduinoCore.a(wiring_digital.o)

.debug_macro
 *(.debug_macro)
OUTPUT(TrafficControl.elf elf32-avr)
LOAD linker stubs
