Archive member included to satisfy reference by file (symbol)

c:/program files (x86)/atmel/studio/7.0/toolchain/avr8/avr8-gnu-toolchain/bin/../lib/gcc/avr/5.4.0/../../../../avr/lib/avr5\libm.a(divsf3.o)
                              TrafficControl/Adafruit_INA219.o (__divsf3)
c:/program files (x86)/atmel/studio/7.0/toolchain/avr8/avr8-gnu-toolchain/bin/../lib/gcc/avr/5.4.0/../../../../avr/lib/avr5\libm.a(divsf3x.o)
                              c:/program files (x86)/atmel/studio/7.0/toolchain/avr8/avr8-gnu-toolchain/bin/../lib/gcc/avr/5.4.0/../../../../avr/lib/avr5\libm.a(divsf3.o) (__divsf3x)
c:/program files (x86)/atmel/studio/7.0/toolchain/avr8/avr8-gnu-toolchain/bin/../lib/gcc/avr/5.4.0/../../../../avr/lib/avr5\libm.a(floatsisf.o)
                              TrafficControl/Adafruit_INA219.o (__floatunsisf)
c:/program files (x86)/atmel/studio/7.0/toolchain/avr8/avr8-gnu-toolchain/bin/../lib/gcc/avr/5.4.0/../../../../avr/lib/avr5\libm.a(fp_inf.o)
                              c:/program files (x86)/atmel/studio/7.0/toolchain/avr8/avr8-gnu-toolchain/bin/../lib/gcc/avr/5.4.0/../../../../avr/lib/avr5\libm.a(divsf3x.o) (__fp_inf)
c:/program files (x86)/atmel/studio/7.0/toolchain/avr8/avr8-gnu-toolchain/bin/../lib/gcc/avr/5.4.0/../../../../avr/lib/avr5\libm.a(fp_nan.o)
                              c:/program files (x86)/atmel/studio/7.0/toolchain/avr8/avr8-gnu-toolchain/bin/../lib/gcc/avr/5.4.0/../../../../avr/lib/avr5\libm.a(divsf3x.o) (__fp_nan)
c:/program files (x86)/atmel/studio/7.0/toolchain/avr8/avr8-gnu-toolchain/bin/../lib/gcc/avr/5.4.0/../../../../avr/lib/avr5\libm.a(fp_pscA.o)
                              c:/program files (x86)/atmel/studio/7.0/toolchain/avr8/avr8-gnu-toolchain/bin/../lib/gcc/avr/5.4.0/../../../../avr/lib/avr5\libm.a(divsf3x.o) (__fp_pscA)
c:/program files (x86)/atmel/studio/7.0/toolchain/avr8/avr8-gnu-toolchain/bin/../lib/gcc/avr/5.4.0/../../../../avr/lib/avr5\libm.a(fp_pscB.o)
                              c:/program files (x86)/atmel/studio/7.0/toolchain/avr8/avr8-gnu-toolchain/bin/../lib/gcc/avr/5.4.0/../../../../avr/lib/avr5\libm.a(divsf3x.o) (__fp_pscB)
c:/program files (x86)/atmel/studio/7.0/toolchain/avr8/avr8-gnu-toolchain/bin/../lib/gcc/avr/5.4.0/../../../../avr/lib/avr5\libm.a(fp_round.o)
                              c:/program files (x86)/atmel/studio/7.0/toolchain/avr8/avr8-gnu-toolchain/bin/../lib/gcc/avr/5.4.0/../../../../avr/lib/avr5\libm.a(divsf3.o) (__fp_round)
c:/program files (x86)/atmel/studio/7.0/toolchain/avr8/avr8-gnu-toolchain/bin/../lib/gcc/avr/5.4.0/../../../../avr/lib/avr5\libm.a(fp_split3.o)
                              c:/program files (x86)/atmel/studio/7.0/toolchain/avr8/avr8-gnu-toolchain/bin/../lib/gcc/avr/5.4.0/../../../../avr/lib/avr5\libm.a(divsf3x.o) (__fp_split3)
c:/program files (x86)/atmel/studio/7.0/toolchain/avr8/avr8-gnu-toolchain/bin/../lib/gcc/avr/5.4.0/../../../../avr/lib/avr5\libm.a(fp_zero.o)
                              c:/program files (x86)/atmel/studio/7.0/toolchain/avr8/avr8-gnu-toolchain/bin/../lib/gcc/avr/5.4.0/../../../../avr/lib/avr5\libm.a(divsf3x.o) (__fp_szero)
c:/program files (x86)/atmel/studio/7.0/toolchain/avr8/avr8-gnu-toolchain/bin/../lib/gcc/avr/5.4.0/../../../../avr/lib/avr5\libm.a(mulsf3.o)
                              TrafficControl/Adafruit_INA219.o (__mulsf3)
c:/program files (x86)/atmel/studio/7.0/toolchain/avr8/avr8-gnu-toolchain/bin/../lib/gcc/avr/5.4.0/../../../../avr/lib/avr5\libm.a(mulsf3x.o)
                              c:/program files (x86)/atmel/studio/7.0/toolchain/avr8/avr8-gnu-toolchain/bin/../lib/gcc/avr/5.4.0/../../../../avr/lib/avr5\libm.a(mulsf3.o) (__mulsf3x)
D:\Test\CarSystCharger\TrafficControl\ArduinoCore\Debug\libArduinoCore.a(HardwareSerial.o)
                              TrafficControl/UART.o (_ZN14HardwareSerial9availableEv)
D:\Test\CarSystCharger\TrafficControl\ArduinoCore\Debug\libArduinoCore.a(HardwareSerial0.o)
                              TrafficControl/UART.o (Serial)
D:\Test\CarSystCharger\TrafficControl\ArduinoCore\Debug\libArduinoCore.a(main.o)
                              C:/Program Files (x86)/Atmel/Studio/7.0/Packs/atmel/ATmega_DFP/1.7.374/gcc/dev/atmega328pb/avr5/crtatmega328pb.o (main)
D:\Test\CarSystCharger\TrafficControl\ArduinoCore\Debug\libArduinoCore.a(new.o)
                              TrafficControl/Adafruit_INA219.o (_Znwj)
D:\Test\CarSystCharger\TrafficControl\ArduinoCore\Debug\libArduinoCore.a(Print.o)
                              D:\Test\CarSystCharger\TrafficControl\ArduinoCore\Debug\libArduinoCore.a(HardwareSerial.o) (_ZN5Print5writeEPKhj)
D:\Test\CarSystCharger\TrafficControl\ArduinoCore\Debug\libArduinoCore.a(wiring.o)
                              TrafficControl/Wire/src/utility/twi.o (micros)
D:\Test\CarSystCharger\TrafficControl\ArduinoCore\Debug\libArduinoCore.a(wiring_digital.o)
                              TrafficControl/Adafruit_SPIDevice.o (pinMode)
D:\Test\CarSystCharger\TrafficControl\ArduinoCore\Debug\libArduinoCore.a(abi.o)
[...]
Memory Configuration

Name             Origin             Length             Attributes
text             0x00000000         0x00008000         xr
data             0x00800100         0x00000800         rw !x
eeprom           0x00810000         0x00000400         rw !x
fuse             0x00820000         0x00000003         rw !x
lock             0x00830000         0x00000400         rw !x
signature        0x00840000         0x00000400         rw !x
user_signatures  0x00850000         0x00000400         rw !x
*default*        0x00000000         0xffffffff

Linker script and memory map

Address of section .data set to 0x800100
LOAD C:/Program Files (x86)/Atmel/Studio/7.0/Packs/atmel/ATmega_DFP/1.7.374/gcc/dev/atmega328pb/avr5/crtatmega328pb.o
LOAD TrafficControl/Adafruit_BusIO_Register.o
LOAD TrafficControl/Adafruit_GenericDevice.o
LOAD TrafficControl/Adafruit_I2CDevice.o
LOAD TrafficControl/Adafruit_INA219.o
LOAD TrafficControl/Adafruit_SPIDevice.o
LOAD TrafficControl/LocoPacket.o
LOAD TrafficControl/Logic.o
LOAD TrafficControl/SPI.o
LOAD TrafficControl/Timer.o
LOAD TrafficControl/UART.o
LOAD LoconetLib/LocoNet.o
LOAD LoconetLib/utility/ln_buf.o
LOAD LoconetLib/utility/ln_sw_uart.o
LOAD LoconetLib/utility/utils.o
LOAD Sketch.o
LOAD TrafficControl/Wire/src/utility/twi.o
LOAD TrafficControl/Wire/src/Wire.o
START GROUP
LOAD c:/program files (x86)/atmel/studio/7.0/toolchain/avr8/avr8-gnu-toolchain/bin/../lib/gcc/avr/5.4.0/../../../../avr/lib/avr5\libm.a
LOAD D:\Test\CarSystCharger\TrafficControl\ArduinoCore\Debug\libArduinoCore.a
END GROUP
LOAD c:/program files (x86)/atmel/studio/7.0/toolchain/avr8/avr8-gnu-toolchain/bin/../lib/gcc/avr/5.4.0/avr5\libgcc.a
LOAD c:/program files (x86)/atmel/studio/7.0/toolchain/avr8/avr8-gnu-toolchain/bin/../lib/gcc/avr/5.4.0/../../../../avr/lib/avr5\libm.a
START GROUP
LOAD c:/program files (x86)/atmel/studio/7.0/toolchain/avr8/avr8-gnu-toolchain/bin/../lib/gcc/avr/5.4.0/avr5\libgcc.a
LOAD c:/program files (x86)/atmel/studio/7.0/toolchain/avr8/avr8-gnu-toolchain/bin/../lib/gcc/avr/5.4.0/../../../../avr/lib/avr5\libm.a
LOAD c:/program files (x86)/atmel/studio/7.0/toolchain/avr8/avr8-gnu-toolchain/bin/../lib/gcc/avr/5.4.0/../../../../avr/lib/avr5\libc.a
LOAD C:/Program Files (x86)/Atmel/Studio/7.0/Packs/atmel/ATmega_DFP/1.7.374/gcc/dev/atmega328pb/avr5\libatmega328pb.a
END GROUP
                [0x00000000]                __TEXT_REGION_ORIGIN__ = DEFINED (__TEXT_REGION_ORIGIN__)?__TEXT_REGION_ORIGIN__:0x0
                [0x00800100]                __DATA_REGION_ORIGIN__ = DEFINED (__DATA_REGION_ORIGIN__)?__DATA_REGION_ORIGIN__:0x800060
                [0x00008000]                __TEXT_REGION_LENGTH__ = DEFINED (__TEXT_REGION_LENGTH__)?__TEXT_REGION_LENGTH__:0x20000
                [0x00000800]                __DATA_REGION_LENGTH__ = DEFINED (__DATA_REGION_LENGTH__)?__DATA_REGION_LENGTH__:0xffa0
                [0x00000400]                __EEPROM_REGION_LENGTH__ = DEFINED (__EEPROM_REGION_LENGTH__)?__EEPROM_REGION_LENGTH__:0x10000
                [0x00000003]                __FUSE_REGION_LENGTH__ = DEFINED (__FUSE_REGION_LENGTH__)?__FUSE_REGION_LENGTH__:0x400
                0x00000400                __LOCK_REGION_LENGTH__ = DEFINED (__LOCK_REGION_LENGTH__)?__LOCK_REGION_LENGTH__:0x400
                0x00000400                __SIGNATURE_REGION_LENGTH__ = DEFINED (__SIGNATURE_REGION_LENGTH__)?__SIGNATURE_REGION_LENGTH__:0x400
                0x00000400                __USER_SIGNATURE_REGION_LENGTH__ = DEFINED (__USER_SIGNATURE_REGION_LENGTH__)?__USER_SIGNATURE_REGION_LENGTH__:0x400

.hash
 *(.hash)

.dynsym
 *(.dynsym)

.dynstr
 *(.dynstr)

.gnu.version
 *(.gnu.version)

.gnu.version_d
 *(.gnu.version_d)

.gnu.version_r
 *(.gnu.version_r)

.rel.init
 *(.rel.init)

.rela.init
 *(.rela.init)

.rel.text
 *(.rel.text)
 *(.rel.text.*)
 *(.rel.gnu.linkonce.t*)

.rela.text
 *(.rela.text)
 *(.rela.text.*)
 *(.rela.gnu.linkonce.t*)

.rel.fini
 *(.rel.fini)

.rela.fini
 *(.rela.fini)

.rel.rodata
 *(.rel.rodata)
 *(.rel.rodata.*)
 *(.rel.gnu.linkonce.r*)

.rela.rodata
 *(.rela.rodata)
 *(.rela.rodata.*)
 *(.rela.gnu.linkonce.r*)

.rel.data
 *(.rel.data)
 *(.rel.data.*)
 *(.rel.gnu.linkonce.d*)

.rela.data
 *(.rela.data)
 *(.rela.data.*)
 *(.rela.gnu.linkonce.d*)

.rel.ctors
 *(.rel.ctors)

.rela.ctors
 *(.rela.ctors)

.rel.dtors
 *(.rel.dtors)

.rela.dtors
 *(.rela.dtors)

.rel.got
 *(.rel.got)

.rela.got
 *(.rela.got)

.rel.bss
 *(.rel.bss)

.rela.bss
 *(.rela.bss)

.rel.plt
 *(.rel.plt)

.rela.plt
 *(.rela.plt)

.text           0x00000000     0x2a7e
 *(.vectors)
 .vectors       0x00000000       0xb4 C:/Program Files (x86)/Atmel/Studio/7.0/Packs/atmel/ATmega_DFP/1.7.374/gcc/dev/atmega328pb/avr5/crtatmega328pb.o
                0x00000000                __vector_default
                0x00000000                __vectors
 *(.vectors)
 *(.progmem.gcc*)
 .progmem.gcc_sw_table.turnOffPWM
                0x000000b4       0x1a D:\Test\CarSystCharger\TrafficControl\ArduinoCore\Debug\libArduinoCore.a(wiring_digital.o)
                0x000000ce                . = ALIGN (0x2)
                0x000000ce                __trampolines_start = .
 *(.trampolines)
 .trampolines   0x000000ce        0x0 linker stubs
 *(.trampolines*)
                0x000000ce                __trampolines_end = .
 *libprintf_flt.a:*(.progmem.data)
 *libc.a:*(.progmem.data)
 *(.progmem*)
 .progmem.data._ZZN4UART9read_commEvE3__c
                0x000000ce       0x19 TrafficControl/UART.o
 .progmem.data._ZZN4UART4readEvE3__c_0
                0x000000e7        0xa TrafficControl/UART.o
 .progmem.data._ZZN4UART4readEvE3__c
                0x000000f1       0x17 TrafficControl/UART.o
 .progmem.data._ZZ5setupE3__c_0
                0x00000108       0x18 Sketch.o
 .progmem.data._ZZ5setupE3__c
                0x00000120        0xf Sketch.o
 .progmem.data.digital_pin_to_timer_PGM
                0x0000012f       0x14 D:\Test\CarSystCharger\TrafficControl\ArduinoCore\Debug\libArduinoCore.a(wiring_digital.o)
                0x0000012f                digital_pin_to_timer_PGM
 .progmem.data.digital_pin_to_bit_mask_PGM
                0x00000143       0x14 D:\Test\CarSystCharger\TrafficControl\ArduinoCore\Debug\libArduinoCore.a(wiring_digital.o)
                0x00000143                digital_pin_to_bit_mask_PGM
 .progmem.data.digital_pin_to_port_PGM
                0x00000157       0x14 D:\Test\CarSystCharger\TrafficControl\ArduinoCore\Debug\libArduinoCore.a(wiring_digital.o)
                0x00000157                digital_pin_to_port_PGM
 .progmem.data.port_to_output_PGM
                0x0000016b        0xa D:\Test\CarSystCharger\TrafficControl\ArduinoCore\Debug\libArduinoCore.a(wiring_digital.o)
                0x0000016b                port_to_output_PGM
 .progmem.data.port_to_mode_PGM
                0x00000175        0xa D:\Test\CarSystCharger\TrafficControl\ArduinoCore\Debug\libArduinoCore.a(wiring_digital.o)
                0x00000175                port_to_mode_PGM
                0x00000180                . = ALIGN (0x2)
 *fill*         0x0000017f        0x1 
 *(.jumptables)
 *(.jumptables*)
 *(.lowtext)
 *(.lowtext*)
                0x00000180                __ctors_start = .
 *(.ctors)
 .ctors         0x00000180        0x2 Sketch.o
 .ctors         0x00000182        0x2 TrafficControl/Wire/src/Wire.o
 .ctors         0x00000184        0x2 D:\Test\CarSystCharger\TrafficControl\ArduinoCore\Debug\libArduinoCore.a(HardwareSerial0.o)
                0x00000186                __ctors_end = .
                0x00000186                __dtors_start = .
 *(.dtors)
 .dtors         0x00000186        0x2 Sketch.o
                0x00000188                __dtors_end = .
 SORT(*)(.ctors)
 SORT(*)(.dtors)
 *(.init0)
 .init0         0x00000188        0x0 C:/Program Files (x86)/Atmel/Studio/7.0/Packs/atmel/ATmega_DFP/1.7.374/gcc/dev/atmega328pb/avr5/crtatmega328pb.o
                0x00000188                __init
 *(.init0)
 *(.init1)
 *(.init1)
 *(.init2)
 .init2         0x00000188        0xc C:/Program Files (x86)/Atmel/Studio/7.0/Packs/atmel/ATmega_DFP/1.7.374/gcc/dev/atmega328pb/avr5/crtatmega328pb.o
 *(.init2)
 *(.init3)
 *(.init3)
 *(.init4)
 .init4         0x00000194       0x16 c:/program files (x86)/atmel/studio/7.0/toolchain/avr8/avr8-gnu-toolchain/bin/../lib/gcc/avr/5.4.0/avr5\libgcc.a(_copy_data.o)
                0x00000194                __do_copy_data
 .init4         0x000001aa       0x10 c:/program files (x86)/atmel/studio/7.0/toolchain/avr8/avr8-gnu-toolchain/bin/../lib/gcc/avr/5.4.0/avr5\libgcc.a(_clear_bss.o)
                0x000001aa                __do_clear_bss
 *(.init4)
 *(.init5)
 *(.init5)
 *(.init6)
 .init6         0x000001ba       0x16 c:/program files (x86)/atmel/studio/7.0/toolchain/avr8/avr8-gnu-toolchain/bin/../lib/gcc/avr/5.4.0/avr5\libgcc.a(_ctors.o)
                0x000001ba                __do_global_ctors
 *(.init6)
 *(.init7)
 *(.init7)
 *(.init8)
 *(.init8)
 *(.init9)
 .init9         0x000001d0        0x8 C:/Program Files (x86)/Atmel/Studio/7.0/Packs/atmel/ATmega_DFP/1.7.374/gcc/dev/atmega328pb/avr5/crtatmega328pb.o
 *(.init9)
 *(.text)
 .text          0x000001d8        0x4 C:/Program Files (x86)/Atmel/Studio/7.0/Packs/atmel/ATmega_DFP/1.7.374/gcc/dev/atmega328pb/avr5/crtatmega328pb.o
                0x000001d8                __vector_38
                0x000001d8                __vector_22
                0x000001d8                __vector_28
                0x000001d8                __vector_1
                0x000001d8                __vector_32
                0x000001d8                __vector_34
                0x000001d8                __vector_24
                0x000001d8                __vector_12
                0x000001d8                __bad_interrupt
                0x000001d8                __vector_6
                0x000001d8                __vector_31
                0x000001d8                __vector_35
                0x000001d8                __vector_39
                0x000001d8                __vector_3
                0x000001d8                __vector_23
                0x000001d8                __vector_30
                0x000001d8                __vector_25
                0x000001d8                __vector_13
                0x000001d8                __vector_17
                0x000001d8                __vector_7
                0x000001d8                __vector_41
                0x000001d8                __vector_43
                0x000001d8                __vector_27
                0x000001d8                __vector_5
                0x000001d8                __vector_33
                0x000001d8                __vector_37
                0x000001d8                __vector_4
                0x000001d8                __vector_44
                0x000001d8                __vector_2
                0x000001d8                __vector_21
                0x000001d8                __vector_15
                0x000001d8                __vector_36
                0x000001d8                __vector_29
                0x000001d8                __vector_40
                0x000001d8                __vector_8
                0x000001d8                __vector_26
                0x000001d8                __vector_14
                0x000001d8                __vector_20
                0x000001d8                __vector_42
                0x000001dc                . = ALIGN (0x2)
 *(.text.*)
 .text._ZN23Adafruit_BusIO_RegisterC2EP18Adafruit_I2CDevicejhhh
                0x000001dc       0x26 TrafficControl/Adafruit_BusIO_Register.o
                0x000001dc                _ZN23Adafruit_BusIO_RegisterC1EP18Adafruit_I2CDevicejhhh
                0x000001dc                _ZN23Adafruit_BusIO_RegisterC2EP18Adafruit_I2CDevicejhhh
 .text._ZN23Adafruit_BusIO_Register5writeEPhh
                0x00000202       0xd0 TrafficControl/Adafruit_BusIO_Register.o
                0x00000202                _ZN23Adafruit_BusIO_Register5writeEPhh
 .text._ZN23Adafruit_BusIO_Register5writeEmh
                0x000002d2       0x5e TrafficControl/Adafruit_BusIO_Register.o
                0x000002d2                _ZN23Adafruit_BusIO_Register5writeEmh
 .text._ZN22Adafruit_GenericDevice13writeRegisterEPhhPKhj
                0x00000330       0x30 TrafficControl/Adafruit_GenericDevice.o
                0x00000330                _ZN22Adafruit_GenericDevice13writeRegisterEPhhPKhj
 .text._ZN18Adafruit_I2CDevice5writeEPKhjbS1_j
                0x00000360       0xac TrafficControl/Adafruit_I2CDevice.o
                0x00000360                _ZN18Adafruit_I2CDevice5writeEPKhjbS1_j
 .text._ZN15Adafruit_INA219C2Eh
                0x0000040c       0x1a TrafficControl/Adafruit_INA219.o
                0x0000040c                _ZN15Adafruit_INA219C1Eh
                0x0000040c                _ZN15Adafruit_INA219C2Eh
 .text._ZN15Adafruit_INA219D2Ev
                0x00000426        0xa TrafficControl/Adafruit_INA219.o
                0x00000426                _ZN15Adafruit_INA219D1Ev
                0x00000426                _ZN15Adafruit_INA219D2Ev
 .text._ZN15Adafruit_INA21921setCalibration_32V_2AEv
                0x00000430       0xc0 TrafficControl/Adafruit_INA219.o
                0x00000430                _ZN15Adafruit_INA21921setCalibration_32V_2AEv
 .text._ZN18Adafruit_SPIDevice8transferEPhj
                0x000004f0      0x1c6 TrafficControl/Adafruit_SPIDevice.o
                0x000004f0                _ZN18Adafruit_SPIDevice8transferEPhj
 .text._ZN18Adafruit_SPIDevice8transferEh
                0x000006b6       0x24 TrafficControl/Adafruit_SPIDevice.o
                0x000006b6                _ZN18Adafruit_SPIDevice8transferEh
 .text._ZN18Adafruit_SPIDevice16beginTransactionEv
                0x000006da       0x4c TrafficControl/Adafruit_SPIDevice.o
                0x000006da                _ZN18Adafruit_SPIDevice16beginTransactionEv
 .text._ZN18Adafruit_SPIDevice14endTransactionEv
                0x00000726       0x2c TrafficControl/Adafruit_SPIDevice.o
                0x00000726                _ZN18Adafruit_SPIDevice14endTransactionEv
 .text._ZN18Adafruit_SPIDevice13setChipSelectEi
                0x00000752        0xe TrafficControl/Adafruit_SPIDevice.o
                0x00000752                _ZN18Adafruit_SPIDevice13setChipSelectEi
 .text._ZN18Adafruit_SPIDevice31beginTransactionWithAssertingCSEv
                0x00000760       0x18 TrafficControl/Adafruit_SPIDevice.o
                0x00000760                _ZN18Adafruit_SPIDevice31beginTransactionWithAssertingCSEv
 .text._ZN18Adafruit_SPIDevice31endTransactionWithDeassertingCSEv
                0x00000778       0x18 TrafficControl/Adafruit_SPIDevice.o
                0x00000778                _ZN18Adafruit_SPIDevice31endTransactionWithDeassertingCSEv
 .text._ZN18Adafruit_SPIDevice5writeEPKhjS1_j
                0x00000790       0x72 TrafficControl/Adafruit_SPIDevice.o
                0x00000790                _ZN18Adafruit_SPIDevice5writeEPKhjS1_j
 .text._ZN10LocoPacketC2Ev
                0x00000802       0x1c TrafficControl/LocoPacket.o
                0x00000802                _ZN10LocoPacketC2Ev
                0x00000802                _ZN10LocoPacketC1Ev
 .text._ZN10LocoPacket7send_B2Ejb
                0x0000081e       0xe4 TrafficControl/LocoPacket.o
                0x0000081e                _ZN10LocoPacket7send_B2Ejb
 .text._ZN10LocoPacket13send_B2_helloEv
                0x00000902        0xa TrafficControl/LocoPacket.o
                0x00000902                _ZN10LocoPacket13send_B2_helloEv
 .text._ZN10LocoPacket7read_B2Ejb
                0x0000090c       0x16 TrafficControl/LocoPacket.o
                0x0000090c                _ZN10LocoPacket7read_B2Ejb
 .text._ZN10LocoPacket4readEv
                0x00000922       0xf2 TrafficControl/LocoPacket.o
                0x00000922                _ZN10LocoPacket4readEv
 .text._ZN5TimerC2Ev
                0x00000a14       0x20 TrafficControl/Timer.o
                0x00000a14                _ZN5TimerC2Ev
                0x00000a14                _ZN5TimerC1Ev
 .text.__vector_9
                0x00000a34       0x5e TrafficControl/Timer.o
                0x00000a34                __vector_9
 .text._ZN4UARTC2Ev
                0x00000a92        0xe TrafficControl/UART.o
                0x00000a92                _ZN4UARTC1Ev
                0x00000a92                _ZN4UARTC2Ev
 .text._ZN4UART5printEPKcz
                0x00000aa0       0x62 TrafficControl/UART.o
                0x00000aa0                _ZN4UART5printEPKcz
 .text._ZN4UART13clear_buff_rxEv
                0x00000b02       0x1c TrafficControl/UART.o
                0x00000b02                _ZN4UART13clear_buff_rxEv
 .text._ZN4UART9read_nameEPKc
                0x00000b1e       0x84 TrafficControl/UART.o
                0x00000b1e                _ZN4UART9read_nameEPKc
 .text._ZN4UART8read_numEv
                0x00000ba2       0xae TrafficControl/UART.o
                0x00000ba2                _ZN4UART8read_numEv
 .text._ZN4UART9read_commEv
                0x00000c50       0x52 TrafficControl/UART.o
                0x00000c50                _ZN4UART9read_commEv
 .text._ZN4UART4readEv
                0x00000ca2       0xa8 TrafficControl/UART.o
                0x00000ca2                _ZN4UART4readEv
 .text._ZN12LocoNetClass8setTxPinEh
                0x00000d4a       0x50 LoconetLib/LocoNet.o
                0x00000d4a                _ZN12LocoNetClass8setTxPinEh
 .text._ZN12LocoNetClass4initEh
                0x00000d9a       0x22 LoconetLib/LocoNet.o
                0x00000d9a                _ZN12LocoNetClass4initEh
 .text._ZN12LocoNetClass9availableEv
                0x00000dbc       0x1a LoconetLib/LocoNet.o
                0x00000dbc                _ZN12LocoNetClass9availableEv
 .text._ZN12LocoNetClass7receiveEv
                0x00000dd6        0x4 LoconetLib/LocoNet.o
                0x00000dd6                _ZN12LocoNetClass7receiveEv
 .text._ZN12LocoNetClass4sendEP5lnMsgh
                0x00000dda       0x6a LoconetLib/LocoNet.o
                0x00000dda                _ZN12LocoNetClass4sendEP5lnMsgh
 .text._ZN12LocoNetClass4sendEP5lnMsg
                0x00000e44        0x6 LoconetLib/LocoNet.o
                0x00000e44                _ZN12LocoNetClass4sendEP5lnMsg
 .text.initLnBuf
                0x00000e4a       0x12 LoconetLib/utility/ln_buf.o
                0x00000e4a                initLnBuf
 .text.recvLnMsg
                0x00000e5c      0x208 LoconetLib/utility/ln_buf.o
                0x00000e5c                recvLnMsg
 .text.getLnMsgSize
                0x00001064       0x1a LoconetLib/utility/ln_buf.o
                0x00001064                getLnMsgSize
 .text._Z15setTxPortAndPinPVhh
                0x0000107e        0xe LoconetLib/utility/ln_sw_uart.o
                0x0000107e                _Z15setTxPortAndPinPVhh
 .text.__vector_10
                0x0000108c       0x64 LoconetLib/utility/ln_sw_uart.o
                0x0000108c                __vector_10
 .text.__vector_11
                0x000010f0      0x29e LoconetLib/utility/ln_sw_uart.o
                0x000010f0                __vector_11
 .text._Z19initLocoNetHardwareP5LnBuf
                0x0000138e       0x52 LoconetLib/utility/ln_sw_uart.o
                0x0000138e                _Z19initLocoNetHardwareP5LnBuf
 .text._Z20sendLocoNetPacketTryP5lnMsgh
                0x000013e0      0x164 LoconetLib/utility/ln_sw_uart.o
                0x000013e0                _Z20sendLocoNetPacketTryP5lnMsgh
 .text.setup    0x00001544       0x6c Sketch.o
                0x00001544                setup
 .text.loop     0x000015b0       0x24 Sketch.o
                0x000015b0                loop
 .text.startup._GLOBAL__sub_I_uart
                0x000015d4       0x22 Sketch.o
 .text.exit._GLOBAL__sub_D_uart
                0x000015f6        0x8 Sketch.o
 .text.twi_init
                0x000015fe       0x3c TrafficControl/Wire/src/utility/twi.o
                0x000015fe                twi_init
 .text.twi_disable
                0x0000163a       0x1a TrafficControl/Wire/src/utility/twi.o
                0x0000163a                twi_disable
 .text.twi_transmit
                0x00001654       0x50 TrafficControl/Wire/src/utility/twi.o
                0x00001654                twi_transmit
 .text.twi_handleTimeout
                0x000016a4       0x2c TrafficControl/Wire/src/utility/twi.o
                0x000016a4                twi_handleTimeout
 .text.twi_writeTo
                0x000016d0      0x1e0 TrafficControl/Wire/src/utility/twi.o
                0x000016d0                twi_writeTo
 .text._ZN5Print17availableForWriteEv
                0x000018b0        0x6 TrafficControl/Wire/src/Wire.o
                0x000018b0                _ZN5Print17availableForWriteEv
 .text._ZN7TwoWire9availableEv
                0x000018b6       0x10 TrafficControl/Wire/src/Wire.o
                0x000018b6                _ZN7TwoWire9availableEv
 .text._ZN7TwoWire4readEv
                0x000018c6       0x28 TrafficControl/Wire/src/Wire.o
                0x000018c6                _ZN7TwoWire4readEv
 .text._ZN7TwoWire4peekEv
                0x000018ee       0x1e TrafficControl/Wire/src/Wire.o
                0x000018ee                _ZN7TwoWire4peekEv
 .text._ZN7TwoWire5flushEv
                0x0000190c        0x2 TrafficControl/Wire/src/Wire.o
                0x0000190c                _ZN7TwoWire5flushEv
 .text._ZN7TwoWire5writeEPKhj
                0x0000190e       0x5a TrafficControl/Wire/src/Wire.o
                0x0000190e                _ZN7TwoWire5writeEPKhj
 .text._ZN7TwoWire5writeEh
                0x00001968       0x5e TrafficControl/Wire/src/Wire.o
                0x00001968                _ZN7TwoWire5writeEh
 .text._ZN7TwoWireC2Ev
                0x000019c6       0x20 TrafficControl/Wire/src/Wire.o
                0x000019c6                _ZN7TwoWireC1Ev
                0x000019c6                _ZN7TwoWireC2Ev
 .text._ZN7TwoWire17beginTransmissionEh
                0x000019e6       0x14 TrafficControl/Wire/src/Wire.o
                0x000019e6                _ZN7TwoWire17beginTransmissionEh
 .text._ZN7TwoWire15endTransmissionEh
                0x000019fa       0x26 TrafficControl/Wire/src/Wire.o
                0x000019fa                _ZN7TwoWire15endTransmissionEh
 .text.startup._GLOBAL__sub_I__ZN7TwoWire8rxBufferE
                0x00001a20        0x8 TrafficControl/Wire/src/Wire.o
 .text._ZN14HardwareSerial9availableEv
                0x00001a28       0x18 D:\Test\CarSystCharger\TrafficControl\ArduinoCore\Debug\libArduinoCore.a(HardwareSerial.o)
                0x00001a28                _ZN14HardwareSerial9availableEv
 .text._ZN14HardwareSerial4peekEv
                0x00001a40       0x1c D:\Test\CarSystCharger\TrafficControl\ArduinoCore\Debug\libArduinoCore.a(HardwareSerial.o)
                0x00001a40                _ZN14HardwareSerial4peekEv
 .text._ZN14HardwareSerial4readEv
                0x00001a5c       0x28 D:\Test\CarSystCharger\TrafficControl\ArduinoCore\Debug\libArduinoCore.a(HardwareSerial.o)
                0x00001a5c                _ZN14HardwareSerial4readEv
 .text._ZN14HardwareSerial17availableForWriteEv
                0x00001a84       0x1e D:\Test\CarSystCharger\TrafficControl\ArduinoCore\Debug\libArduinoCore.a(HardwareSerial.o)
                0x00001a84                _ZN14HardwareSerial17availableForWriteEv
 .text._Z14serialEventRunv
                0x00001aa2       0x3e D:\Test\CarSystCharger\TrafficControl\ArduinoCore\Debug\libArduinoCore.a(HardwareSerial.o)
                0x00001aa2                _Z14serialEventRunv
 .text._ZN14HardwareSerial17_tx_udr_empty_irqEv
                0x00001ae0       0x44 D:\Test\CarSystCharger\TrafficControl\ArduinoCore\Debug\libArduinoCore.a(HardwareSerial.o)
                0x00001ae0                _ZN14HardwareSerial17_tx_udr_empty_irqEv
 .text._ZN14HardwareSerial5writeEh
                0x00001b24       0x9a D:\Test\CarSystCharger\TrafficControl\ArduinoCore\Debug\libArduinoCore.a(HardwareSerial.o)
                0x00001b24                _ZN14HardwareSerial5writeEh
 .text._ZN14HardwareSerial5flushEv
                0x00001bbe       0x44 D:\Test\CarSystCharger\TrafficControl\ArduinoCore\Debug\libArduinoCore.a(HardwareSerial.o)
                0x00001bbe                _ZN14HardwareSerial5flushEv
 .text._ZN14HardwareSerial5beginEmh
                0x00001c02       0xc0 D:\Test\CarSystCharger\TrafficControl\ArduinoCore\Debug\libArduinoCore.a(HardwareSerial.o)
                0x00001c02                _ZN14HardwareSerial5beginEmh
 .text.__vector_18
                0x00001cc2       0x64 D:\Test\CarSystCharger\TrafficControl\ArduinoCore\Debug\libArduinoCore.a(HardwareSerial0.o)
                0x00001cc2                __vector_18
 .text.__vector_19
                0x00001d26       0x4c D:\Test\CarSystCharger\TrafficControl\ArduinoCore\Debug\libArduinoCore.a(HardwareSerial0.o)
                0x00001d26                __vector_19
 .text._Z17Serial0_availablev
                0x00001d72       0x14 D:\Test\CarSystCharger\TrafficControl\ArduinoCore\Debug\libArduinoCore.a(HardwareSerial0.o)
                0x00001d72                _Z17Serial0_availablev
 .text.startup._GLOBAL__sub_I___vector_18
                0x00001d86       0x5a D:\Test\CarSystCharger\TrafficControl\ArduinoCore\Debug\libArduinoCore.a(HardwareSerial0.o)
 .text.initVariant
                0x00001de0        0x2 D:\Test\CarSystCharger\TrafficControl\ArduinoCore\Debug\libArduinoCore.a(main.o)
                0x00001de0                initVariant
 .text.startup.main
                0x00001de2       0x1e D:\Test\CarSystCharger\TrafficControl\ArduinoCore\Debug\libArduinoCore.a(main.o)
                0x00001de2                main
 .text._ZdlPv   0x00001e00        0x4 D:\Test\CarSystCharger\TrafficControl\ArduinoCore\Debug\libArduinoCore.a(new.o)
                0x00001e00                _ZdlPv
 .text._ZN5Print5writeEPKhj
                0x00001e04       0x54 D:\Test\CarSystCharger\TrafficControl\ArduinoCore\Debug\libArduinoCore.a(Print.o)
                0x00001e04                _ZN5Print5writeEPKhj
 .text._ZN5Print5writeEPKc
                0x00001e58       0x2a D:\Test\CarSystCharger\TrafficControl\ArduinoCore\Debug\libArduinoCore.a(Print.o)
                0x00001e58                _ZN5Print5writeEPKc
 .text._ZN5Print5printEPKc
                0x00001e82        0x4 D:\Test\CarSystCharger\TrafficControl\ArduinoCore\Debug\libArduinoCore.a(Print.o)
                0x00001e82                _ZN5Print5printEPKc
 .text.__vector_16
                0x00001e86       0x94 D:\Test\CarSystCharger\TrafficControl\ArduinoCore\Debug\libArduinoCore.a(wiring.o)
                0x00001e86                __vector_16
 .text.micros   0x00001f1a       0x4a D:\Test\CarSystCharger\TrafficControl\ArduinoCore\Debug\libArduinoCore.a(wiring.o)
                0x00001f1a                micros
 .text.delayMicroseconds
                0x00001f64       0x12 D:\Test\CarSystCharger\TrafficControl\ArduinoCore\Debug\libArduinoCore.a(wiring.o)
                0x00001f64                delayMicroseconds
 .text.init     0x00001f76       0xaa D:\Test\CarSystCharger\TrafficControl\ArduinoCore\Debug\libArduinoCore.a(wiring.o)
                0x00001f76                init
 .text.turnOffPWM
                0x00002020       0x72 D:\Test\CarSystCharger\TrafficControl\ArduinoCore\Debug\libArduinoCore.a(wiring_digital.o)
 .text.pinMode  0x00002092       0x78 D:\Test\CarSystCharger\TrafficControl\ArduinoCore\Debug\libArduinoCore.a(wiring_digital.o)
                0x00002092                pinMode
 .text.digitalWrite
                0x0000210a       0x5e D:\Test\CarSystCharger\TrafficControl\ArduinoCore\Debug\libArduinoCore.a(wiring_digital.o)
                0x0000210a                digitalWrite
 .text.libgcc.div
                0x00002168       0x44 c:/program files (x86)/atmel/studio/7.0/toolchain/avr8/avr8-gnu-toolchain/bin/../lib/gcc/avr/5.4.0/avr5\libgcc.a(_udivmodsi4.o)
                0x00002168                __udivmodsi4
 .text.libgcc   0x000021ac        0xc c:/program files (x86)/atmel/studio/7.0/toolchain/avr8/avr8-gnu-toolchain/bin/../lib/gcc/avr/5.4.0/avr5\libgcc.a(_tablejump2.o)
                0x000021ac                __tablejump2__
 .text.avr-libc
                0x000021b8      0x242 c:/program files (x86)/atmel/studio/7.0/toolchain/avr8/avr8-gnu-toolchain/bin/../lib/gcc/avr/5.4.0/../../../../avr/lib/avr5\libc.a(malloc.o)
                0x000021b8                malloc
                0x000022e8                free
 .text.avr-libc
                0x000023fa       0x3c c:/program files (x86)/atmel/studio/7.0/toolchain/avr8/avr8-gnu-toolchain/bin/../lib/gcc/avr/5.4.0/../../../../avr/lib/avr5\libc.a(atoi.o)
                0x000023fa                atoi
 .text.avr-libc
                0x00002436       0x24 c:/program files (x86)/atmel/studio/7.0/toolchain/avr8/avr8-gnu-toolchain/bin/../lib/gcc/avr/5.4.0/../../../../avr/lib/avr5\libc.a(memmove.o)
                0x00002436                memmove
 .text.avr-libc
                0x0000245a       0x10 c:/program files (x86)/atmel/studio/7.0/toolchain/avr8/avr8-gnu-toolchain/bin/../lib/gcc/avr/5.4.0/../../../../avr/lib/avr5\libc.a(mul10.o)
                0x0000245a                __mulhi_const_10
 .text.avr-libc
                0x0000246a       0x58 c:/program files (x86)/atmel/studio/7.0/toolchain/avr8/avr8-gnu-toolchain/bin/../lib/gcc/avr/5.4.0/../../../../avr/lib/avr5\libc.a(vsnprintf_p.o)
                0x0000246a                vsnprintf_P
 .text.avr-libc
                0x000024c2      0x3c2 c:/program files (x86)/atmel/studio/7.0/toolchain/avr8/avr8-gnu-toolchain/bin/../lib/gcc/avr/5.4.0/../../../../avr/lib/avr5\libc.a(vfprintf_std.o)
                0x000024c2                vfprintf
 .text.avr-libc
                0x00002884       0x16 c:/program files (x86)/atmel/studio/7.0/toolchain/avr8/avr8-gnu-toolchain/bin/../lib/gcc/avr/5.4.0/../../../../avr/lib/avr5\libc.a(strnlen_P.o)
                0x00002884                strnlen_P
 .text.avr-libc
                0x0000289a       0x12 c:/program files (x86)/atmel/studio/7.0/toolchain/avr8/avr8-gnu-toolchain/bin/../lib/gcc/avr/5.4.0/../../../../avr/lib/avr5\libc.a(memcpy.o)
                0x0000289a                memcpy
 .text.avr-libc
                0x000028ac       0x16 c:/program files (x86)/atmel/studio/7.0/toolchain/avr8/avr8-gnu-toolchain/bin/../lib/gcc/avr/5.4.0/../../../../avr/lib/avr5\libc.a(strnlen.o)
                0x000028ac                strnlen
 .text.avr-libc
                0x000028c2       0x78 c:/program files (x86)/atmel/studio/7.0/toolchain/avr8/avr8-gnu-toolchain/bin/../lib/gcc/avr/5.4.0/../../../../avr/lib/avr5\libc.a(fputc.o)
                0x000028c2                fputc
 .text.avr-libc
                0x0000293a       0xbc c:/program files (x86)/atmel/studio/7.0/toolchain/avr8/avr8-gnu-toolchain/bin/../lib/gcc/avr/5.4.0/../../../../avr/lib/avr5\libc.a(ultoa_invert.o)
                0x0000293a                __ultoa_invert
 .text.libgcc.prologue
                0x000029f6       0x38 c:/program files (x86)/atmel/studio/7.0/toolchain/avr8/avr8-gnu-toolchain/bin/../lib/gcc/avr/5.4.0/avr5\libgcc.a(_prologue.o)
                0x000029f6                __prologue_saves__
 .text.libgcc.prologue
                0x00002a2e       0x36 c:/program files (x86)/atmel/studio/7.0/toolchain/avr8/avr8-gnu-toolchain/bin/../lib/gcc/avr/5.4.0/avr5\libgcc.a(_epilogue.o)
                0x00002a2e                __epilogue_restores__
                0x00002a64                . = ALIGN (0x2)
 *(.fini9)
 .fini9         0x00002a64        0x0 c:/program files (x86)/atmel/studio/7.0/toolchain/avr8/avr8-gnu-toolchain/bin/../lib/gcc/avr/5.4.0/avr5\libgcc.a(_exit.o)
                0x00002a64                _exit
                0x00002a64                exit
 *(.fini9)
 *(.fini8)
 *(.fini8)
 *(.fini7)
 *(.fini7)
 *(.fini6)
 .fini6         0x00002a64       0x16 c:/program files (x86)/atmel/studio/7.0/toolchain/avr8/avr8-gnu-toolchain/bin/../lib/gcc/avr/5.4.0/avr5\libgcc.a(_dtors.o)
                0x00002a64                __do_global_dtors
 *(.fini6)
 *(.fini5)
 *(.fini5)
 *(.fini4)
 *(.fini4)
 *(.fini3)
 *(.fini3)
 *(.fini2)
 *(.fini2)
 *(.fini1)
 *(.fini1)
 *(.fini0)
 .fini0         0x00002a7a        0x4 c:/program files (x86)/atmel/studio/7.0/toolchain/avr8/avr8-gnu-toolchain/bin/../lib/gcc/avr/5.4.0/avr5\libgcc.a(_exit.o)
 *(.fini0)
                0x00002a7e                _etext = .

.data           0x00800100       0x38 load address 0x00002a7e
                0x00800100                PROVIDE (__data_start, .)
 *(.data)
 .data          0x00800100        0x6 c:/program files (x86)/atmel/studio/7.0/toolchain/avr8/avr8-gnu-toolchain/bin/../lib/gcc/avr/5.4.0/../../../../avr/lib/avr5\libc.a(malloc.o)
                0x00800100                __malloc_heap_end
                0x00800102                __malloc_heap_start
                0x00800104                __malloc_margin
 *(.data*)
 *(.gnu.linkonce.d*)
 *(.rodata)
 *(.rodata*)
 .rodata.str1.1
                0x00800106        0xd TrafficControl/UART.o
 .rodata._ZTV7TwoWire
                0x00800113       0x12 TrafficControl/Wire/src/Wire.o
                0x00800113                _ZTV7TwoWire
 .rodata._ZTV14HardwareSerial
                0x00800125       0x12 D:\Test\CarSystCharger\TrafficControl\ArduinoCore\Debug\libArduinoCore.a(HardwareSerial.o)
                0x00800125                _ZTV14HardwareSerial
 *(.gnu.linkonce.r*)
                0x00800138                . = ALIGN (0x2)
 *fill*         0x00800137        0x1 
                0x00800138                _edata = .
                0x00800138                PROVIDE (__data_end, .)

.bss            0x00800138      0x2d2
                0x00800138                PROVIDE (__bss_start, .)
 *(.bss)
 *(.bss*)
 .bss._ZN8SPIClass13interruptSaveE
                0x00800138        0x1 TrafficControl/SPI.o
                0x00800138                _ZN8SPIClass13interruptSaveE
 .bss._ZN8SPIClass13interruptMaskE
                0x00800139        0x1 TrafficControl/SPI.o
                0x00800139                _ZN8SPIClass13interruptMaskE
 .bss._ZN8SPIClass13interruptModeE
                0x0080013a        0x1 TrafficControl/SPI.o
                0x0080013a                _ZN8SPIClass13interruptModeE
 .bss.LocoNet   0x0080013b      0x109 LoconetLib/LocoNet.o
                0x0080013b                LocoNet
 .bss.txPin     0x00800244        0x1 LoconetLib/utility/ln_sw_uart.o
                0x00800244                txPin
 .bss.txPort    0x00800245        0x2 LoconetLib/utility/ln_sw_uart.o
                0x00800245                txPort
 .bss.lnTxSuccess
                0x00800247        0x1 LoconetLib/utility/ln_sw_uart.o
                0x00800247                lnTxSuccess
 .bss.lnTxLength
                0x00800248        0x1 LoconetLib/utility/ln_sw_uart.o
                0x00800248                lnTxLength
 .bss.lnTxIndex
                0x00800249        0x1 LoconetLib/utility/ln_sw_uart.o
                0x00800249                lnTxIndex
 .bss.lnTxData  0x0080024a        0x2 LoconetLib/utility/ln_sw_uart.o
                0x0080024a                lnTxData
 .bss.lnRxBuffer
                0x0080024c        0x2 LoconetLib/utility/ln_sw_uart.o
                0x0080024c                lnRxBuffer
 .bss.lnCompareTarget
                0x0080024e        0x2 LoconetLib/utility/ln_sw_uart.o
                0x0080024e                lnCompareTarget
 .bss.lnCurrentByte
                0x00800250        0x1 LoconetLib/utility/ln_sw_uart.o
                0x00800250                lnCurrentByte
 .bss.lnBitCount
                0x00800251        0x1 LoconetLib/utility/ln_sw_uart.o
                0x00800251                lnBitCount
 .bss.lnState   0x00800252        0x1 LoconetLib/utility/ln_sw_uart.o
                0x00800252                lnState
 .bss.ina219    0x00800253       0x10 Sketch.o
                0x00800253                ina219
 .bss.loco      0x00800263       0x18 Sketch.o
                0x00800263                loco
 .bss.timer     0x0080027b        0x3 Sketch.o
                0x0080027b                timer
 .bss.uart      0x0080027e       0x42 Sketch.o
                0x0080027e                uart
 .bss.twi_error
                0x008002c0        0x1 TrafficControl/Wire/src/utility/twi.o
 .bss.twi_txBufferLength
                0x008002c1        0x1 TrafficControl/Wire/src/utility/twi.o
 .bss.twi_txBuffer
                0x008002c2       0x20 TrafficControl/Wire/src/utility/twi.o
 .bss.twi_masterBufferLength
                0x008002e2        0x1 TrafficControl/Wire/src/utility/twi.o
 .bss.twi_masterBufferIndex
                0x008002e3        0x1 TrafficControl/Wire/src/utility/twi.o
 .bss.twi_masterBuffer
                0x008002e4       0x20 TrafficControl/Wire/src/utility/twi.o
 .bss.twi_do_reset_on_timeout
                0x00800304        0x1 TrafficControl/Wire/src/utility/twi.o
 .bss.twi_timed_out_flag
                0x00800305        0x1 TrafficControl/Wire/src/utility/twi.o
 .bss.twi_timeout_us
                0x00800306        0x4 TrafficControl/Wire/src/utility/twi.o
 .bss.twi_inRepStart
                0x0080030a        0x1 TrafficControl/Wire/src/utility/twi.o
 .bss.twi_sendStop
                0x0080030b        0x1 TrafficControl/Wire/src/utility/twi.o
 .bss.twi_slarw
                0x0080030c        0x1 TrafficControl/Wire/src/utility/twi.o
 .bss.twi_state
                0x0080030d        0x1 TrafficControl/Wire/src/utility/twi.o
 .bss.Wire      0x0080030e        0xc TrafficControl/Wire/src/Wire.o
                0x0080030e                Wire
 .bss._ZN7TwoWire12transmittingE
                0x0080031a        0x1 TrafficControl/Wire/src/Wire.o
                0x0080031a                _ZN7TwoWire12transmittingE
 .bss._ZN7TwoWire14txBufferLengthE
                0x0080031b        0x1 TrafficControl/Wire/src/Wire.o
                0x0080031b                _ZN7TwoWire14txBufferLengthE
 .bss._ZN7TwoWire13txBufferIndexE
                0x0080031c        0x1 TrafficControl/Wire/src/Wire.o
                0x0080031c                _ZN7TwoWire13txBufferIndexE
 .bss._ZN7TwoWire8txBufferE
                0x0080031d       0x20 TrafficControl/Wire/src/Wire.o
                0x0080031d                _ZN7TwoWire8txBufferE
 .bss._ZN7TwoWire9txAddressE
                0x0080033d        0x1 TrafficControl/Wire/src/Wire.o
                0x0080033d                _ZN7TwoWire9txAddressE
 .bss._ZN7TwoWire14rxBufferLengthE
                0x0080033e        0x1 TrafficControl/Wire/src/Wire.o
                0x0080033e                _ZN7TwoWire14rxBufferLengthE
 .bss._ZN7TwoWire13rxBufferIndexE
                0x0080033f        0x1 TrafficControl/Wire/src/Wire.o
                0x0080033f                _ZN7TwoWire13rxBufferIndexE
 .bss._ZN7TwoWire8rxBufferE
                0x00800340       0x20 TrafficControl/Wire/src/Wire.o
                0x00800340                _ZN7TwoWire8rxBufferE
 .bss.Serial    0x00800360       0x9d D:\Test\CarSystCharger\TrafficControl\ArduinoCore\Debug\libArduinoCore.a(HardwareSerial0.o)
                0x00800360                Serial
 .bss.timer0_fract
                0x008003fd        0x1 D:\Test\CarSystCharger\TrafficControl\ArduinoCore\Debug\libArduinoCore.a(wiring.o)
 .bss.timer0_millis
                0x008003fe        0x4 D:\Test\CarSystCharger\TrafficControl\ArduinoCore\Debug\libArduinoCore.a(wiring.o)
                0x008003fe                timer0_millis
 .bss.timer0_overflow_count
                0x00800402        0x4 D:\Test\CarSystCharger\TrafficControl\ArduinoCore\Debug\libArduinoCore.a(wiring.o)
                0x00800402                timer0_overflow_count
 *(COMMON)
 COMMON         0x00800406        0x4 c:/program files (x86)/atmel/studio/7.0/toolchain/avr8/avr8-gnu-toolchain/bin/../lib/gcc/avr/5.4.0/../../../../avr/lib/avr5\libc.a(malloc.o)
                0x00800406                __brkval
                0x00800408                __flp
                0x0080040a                PROVIDE (__bss_end, .)
                0x00002a7e                __data_load_start = LOADADDR (.data)
                0x00002ab6                __data_load_end = (__data_load_start + SIZEOF (.data))

.noinit         0x0080040a        0x0
                [!provide]                PROVIDE (__noinit_start, .)
 *(.noinit*)
                [!provide]                PROVIDE (__noinit_end, .)
                0x0080040a                _end = .
                0x0080040a                PROVIDE (__heap_start, .)

.eeprom         0x00810000        0x0
 *(.eeprom*)
                0x00810000                __eeprom_end = .

.fuse
 *(.fuse)
 *(.lfuse)
 *(.hfuse)
 *(.efuse)

.lock
 *(.lock*)

.signature
 *(.signature*)

.user_signatures
 *(.user_signatures*)

.stab
 *(.stab)

.stabstr
 *(.stabstr)

.stab.excl
 *(.stab.excl)

.stab.exclstr
 *(.stab.exclstr)

.stab.index
 *(.stab.index)

.stab.indexstr
 *(.stab.indexstr)

.comment        0x00000000       0x5c
 *(.comment)
 .comment       0x00000000       0x30 TrafficControl/Adafruit_BusIO_Register.o
                                 0x31 (size before relaxing)
 .comment       0x00000030       0x31 TrafficControl/Adafruit_GenericDevice.o
 .comment       0x00000030       0x31 TrafficControl/Adafruit_I2CDevice.o
 .comment       0x00000030       0x31 TrafficControl/Adafruit_INA219.o
 .comment       0x00000030       0x31 TrafficControl/Adafruit_SPIDevice.o
 .comment       0x00000030       0x31 TrafficControl/LocoPacket.o
 .comment       0x00000030       0x31 TrafficControl/SPI.o
 .comment       0x00000030       0x31 TrafficControl/Timer.o
 .comment       0x00000030       0x31 TrafficControl/UART.o
 .comment       0x00000030       0x31 LoconetLib/LocoNet.o
 .comment       0x00000030       0x31 LoconetLib/utility/ln_buf.o
 .comment       0x00000030       0x31 LoconetLib/utility/ln_sw_uart.o
 .comment       0x00000030       0x31 Sketch.o
 .comment       0x00000030       0x31 TrafficControl/Wire/src/utility/twi.o
 .comment       0x00000030       0x31 TrafficControl/Wire/src/Wire.o
 .comment       0x00000030       0x31 D:\Test\CarSystCharger\TrafficControl\ArduinoCore\Debug\libArduinoCore.a(HardwareSerial.o)
 .comment       0x00000030       0x31 D:\Test\CarSystCharger\TrafficControl\ArduinoCore\Debug\libArduinoCore.a(HardwareSerial0.o)
 .comment       0x00000030       0x31 D:\Test\CarSystCharger\TrafficControl\ArduinoCore\Debug\libArduinoCore.a(main.o)
 .comment       0x00000030       0x31 D:\Test\CarSystCharger\TrafficControl\ArduinoCore\Debug\libArduinoCore.a(new.o)
 .comment       0x00000030       0x31 D:\Test\CarSystCharger\TrafficControl\ArduinoCore\Debug\libArduinoCore.a(Print.o)
 .comment       0x00000030       0x31 D:\Test\CarSystCharger\TrafficControl\ArduinoCore\Debug\libArduinoCore.a(wiring.o)
 .comment       0x00000030       0x31 D:\Test\CarSystCharger\TrafficControl\ArduinoCore\Debug\libArduinoCore.a(wiring_digital.o)
 .comment       0x00000030       0x31 c:/program files (x86)/atmel/studio/7.0/toolchain/avr8/avr8-gnu-toolchain/bin/../lib/gcc/avr/5.4.0/../../../../avr/lib/avr5\libc.a(malloc.o)
 .comment       0x00000030       0x31 c:/program files (x86)/atmel/studio/7.0/toolchain/avr8/avr8-gnu-toolchain/bin/../lib/gcc/avr/5.4.0/../../../../avr/lib/avr5\libc.a(vsnprintf_p.o)
 .comment       0x00000030       0x2c c:/program files (x86)/atmel/studio/7.0/toolchain/avr8/avr8-gnu-toolchain/bin/../lib/gcc/avr/5.4.0/../../../../avr/lib/avr5\libc.a(vfprintf_std.o)
                                 0x2d (size before relaxing)
 .comment       0x0000005c       0x31 c:/program files (x86)/atmel/studio/7.0/toolchain/avr8/avr8-gnu-toolchain/bin/../lib/gcc/avr/5.4.0/../../../../avr/lib/avr5\libc.a(fputc.o)

.note.gnu.avr.deviceinfo
                0x00000000       0x40
 .note.gnu.avr.deviceinfo
                0x00000000       0x40 C:/Program Files (x86)/Atmel/Studio/7.0/Packs/atmel/ATmega_DFP/1.7.374/gcc/dev/atmega328pb/avr5/crtatmega328pb.o

.note.gnu.build-id
 *(.note.gnu.build-id)

.debug
 *(.debug)

.line
 *(.line)

.debug_srcinfo
 *(.debug_srcinfo)

.debug_sfnames
 *(.debug_sfnames)

.debug_aranges  0x00000000      0xaf0
 *(.debug_aranges)
 .debug_aranges
                0x00000000       0xb8 TrafficControl/Adafruit_BusIO_Register.o
 .debug_aranges
                0x000000b8       0x50 TrafficControl/Adafruit_GenericDevice.o
 .debug_aranges
                0x00000108       0x68 TrafficControl/Adafruit_I2CDevice.o
 .debug_aranges
                0x00000170       0xa0 TrafficControl/Adafruit_INA219.o
 .debug_aranges
                0x00000210       0x90 TrafficControl/Adafruit_SPIDevice.o
 .debug_aranges
                0x000002a0       0x58 TrafficControl/LocoPacket.o
 .debug_aranges
                0x000002f8       0x38 TrafficControl/SPI.o
 .debug_aranges
                0x00000330       0x28 TrafficControl/Timer.o
 .debug_aranges
                0x00000358       0x50 TrafficControl/UART.o
 .debug_aranges
                0x000003a8      0x260 LoconetLib/LocoNet.o
 .debug_aranges
                0x00000608       0x38 LoconetLib/utility/ln_buf.o
 .debug_aranges
                0x00000640       0x40 LoconetLib/utility/ln_sw_uart.o
 .debug_aranges
                0x00000680       0x38 Sketch.o
 .debug_aranges
                0x000006b8       0x98 TrafficControl/Wire/src/utility/twi.o
 .debug_aranges
                0x00000750      0x110 TrafficControl/Wire/src/Wire.o
 .debug_aranges
                0x00000860       0x68 D:\Test\CarSystCharger\TrafficControl\ArduinoCore\Debug\libArduinoCore.a(HardwareSerial.o)
 .debug_aranges
                0x000008c8       0x48 D:\Test\CarSystCharger\TrafficControl\ArduinoCore\Debug\libArduinoCore.a(HardwareSerial0.o)
 .debug_aranges
                0x00000910       0x30 D:\Test\CarSystCharger\TrafficControl\ArduinoCore\Debug\libArduinoCore.a(main.o)
 .debug_aranges
                0x00000940       0x30 D:\Test\CarSystCharger\TrafficControl\ArduinoCore\Debug\libArduinoCore.a(new.o)
 .debug_aranges
                0x00000970      0x100 D:\Test\CarSystCharger\TrafficControl\ArduinoCore\Debug\libArduinoCore.a(Print.o)
 .debug_aranges
                0x00000a70       0x48 D:\Test\CarSystCharger\TrafficControl\ArduinoCore\Debug\libArduinoCore.a(wiring.o)
 .debug_aranges
                0x00000ab8       0x38 D:\Test\CarSystCharger\TrafficControl\ArduinoCore\Debug\libArduinoCore.a(wiring_digital.o)

.debug_pubnames
 *(.debug_pubnames)

.debug_info     0x00000000    0x1ff1f
 *(.debug_info .gnu.linkonce.wi.*)
 .debug_info    0x00000000      0x8ea C:/Program Files (x86)/Atmel/Studio/7.0/Packs/atmel/ATmega_DFP/1.7.374/gcc/dev/atmega328pb/avr5/crtatmega328pb.o
 .debug_info    0x000008ea     0x302f TrafficControl/Adafruit_BusIO_Register.o
 .debug_info    0x00003919      0x6e8 TrafficControl/Adafruit_GenericDevice.o
 .debug_info    0x00004001      0xa6f TrafficControl/Adafruit_I2CDevice.o
 .debug_info    0x00004a70     0x33dc TrafficControl/Adafruit_INA219.o
 .debug_info    0x00007e4c     0x1788 TrafficControl/Adafruit_SPIDevice.o
 .debug_info    0x000095d4     0x1a33 TrafficControl/LocoPacket.o
 .debug_info    0x0000b007      0x66c TrafficControl/SPI.o
 .debug_info    0x0000b673      0x125 TrafficControl/Timer.o
 .debug_info    0x0000b798      0x7ba TrafficControl/UART.o
 .debug_info    0x0000bf52     0x5539 LoconetLib/LocoNet.o
 .debug_info    0x0001148b     0x11cf LoconetLib/utility/ln_buf.o
 .debug_info    0x0001265a     0x13f6 LoconetLib/utility/ln_sw_uart.o
 .debug_info    0x00013a50     0x22ea Sketch.o
 .debug_info    0x00015d3a      0x8e3 TrafficControl/Wire/src/utility/twi.o
 .debug_info    0x0001661d     0x2910 TrafficControl/Wire/src/Wire.o
 .debug_info    0x00018f2d     0x1fa1 D:\Test\CarSystCharger\TrafficControl\ArduinoCore\Debug\libArduinoCore.a(HardwareSerial.o)
 .debug_info    0x0001aece     0x1b16 D:\Test\CarSystCharger\TrafficControl\ArduinoCore\Debug\libArduinoCore.a(HardwareSerial0.o)
 .debug_info    0x0001c9e4      0x237 D:\Test\CarSystCharger\TrafficControl\ArduinoCore\Debug\libArduinoCore.a(main.o)
 .debug_info    0x0001cc1b      0x15f D:\Test\CarSystCharger\TrafficControl\ArduinoCore\Debug\libArduinoCore.a(new.o)
 .debug_info    0x0001cd7a     0x28ff D:\Test\CarSystCharger\TrafficControl\ArduinoCore\Debug\libArduinoCore.a(Print.o)
 .debug_info    0x0001f679      0x2cb D:\Test\CarSystCharger\TrafficControl\ArduinoCore\Debug\libArduinoCore.a(wiring.o)
 .debug_info    0x0001f944      0x5db D:\Test\CarSystCharger\TrafficControl\ArduinoCore\Debug\libArduinoCore.a(wiring_digital.o)

.debug_abbrev   0x00000000     0x4fe6
 *(.debug_abbrev)
 .debug_abbrev  0x00000000      0x86e C:/Program Files (x86)/Atmel/Studio/7.0/Packs/atmel/ATmega_DFP/1.7.374/gcc/dev/atmega328pb/avr5/crtatmega328pb.o
 .debug_abbrev  0x0000086e      0x595 TrafficControl/Adafruit_BusIO_Register.o
 .debug_abbrev  0x00000e03      0x20a TrafficControl/Adafruit_GenericDevice.o
 .debug_abbrev  0x0000100d      0x357 TrafficControl/Adafruit_I2CDevice.o
 .debug_abbrev  0x00001364      0x505 TrafficControl/Adafruit_INA219.o
 .debug_abbrev  0x00001869      0x43a TrafficControl/Adafruit_SPIDevice.o
 .debug_abbrev  0x00001ca3      0x348 TrafficControl/LocoPacket.o
 .debug_abbrev  0x00001feb      0x283 TrafficControl/SPI.o
 .debug_abbrev  0x0000226e       0xe7 TrafficControl/Timer.o
 .debug_abbrev  0x00002355      0x336 TrafficControl/UART.o
 .debug_abbrev  0x0000268b      0x600 LoconetLib/LocoNet.o
 .debug_abbrev  0x00002c8b      0x1d8 LoconetLib/utility/ln_buf.o
 .debug_abbrev  0x00002e63      0x282 LoconetLib/utility/ln_sw_uart.o
 .debug_abbrev  0x000030e5      0x4bd Sketch.o
 .debug_abbrev  0x000035a2      0x30e TrafficControl/Wire/src/utility/twi.o
 .debug_abbrev  0x000038b0      0x563 TrafficControl/Wire/src/Wire.o
 .debug_abbrev  0x00003e13      0x4c6 D:\Test\CarSystCharger\TrafficControl\ArduinoCore\Debug\libArduinoCore.a(HardwareSerial.o)
 .debug_abbrev  0x000042d9      0x3ce D:\Test\CarSystCharger\TrafficControl\ArduinoCore\Debug\libArduinoCore.a(HardwareSerial0.o)
 .debug_abbrev  0x000046a7      0x12d D:\Test\CarSystCharger\TrafficControl\ArduinoCore\Debug\libArduinoCore.a(main.o)
 .debug_abbrev  0x000047d4      0x109 D:\Test\CarSystCharger\TrafficControl\ArduinoCore\Debug\libArduinoCore.a(new.o)
 .debug_abbrev  0x000048dd      0x47a D:\Test\CarSystCharger\TrafficControl\ArduinoCore\Debug\libArduinoCore.a(Print.o)
 .debug_abbrev  0x00004d57      0x146 D:\Test\CarSystCharger\TrafficControl\ArduinoCore\Debug\libArduinoCore.a(wiring.o)
 .debug_abbrev  0x00004e9d      0x149 D:\Test\CarSystCharger\TrafficControl\ArduinoCore\Debug\libArduinoCore.a(wiring_digital.o)

.debug_line     0x00000000     0x6e2c
 *(.debug_line .debug_line.* .debug_line_end)
 .debug_line    0x00000000      0x1a6 C:/Program Files (x86)/Atmel/Studio/7.0/Packs/atmel/ATmega_DFP/1.7.374/gcc/dev/atmega328pb/avr5/crtatmega328pb.o
 .debug_line    0x000001a6      0x6c6 TrafficControl/Adafruit_BusIO_Register.o
 .debug_line    0x0000086c      0x2bd TrafficControl/Adafruit_GenericDevice.o
 .debug_line    0x00000b29      0x390 TrafficControl/Adafruit_I2CDevice.o
 .debug_line    0x00000eb9      0x52e TrafficControl/Adafruit_INA219.o
 .debug_line    0x000013e7      0x6f3 TrafficControl/Adafruit_SPIDevice.o
 .debug_line    0x00001ada      0x3e7 TrafficControl/LocoPacket.o
 .debug_line    0x00001ec1      0x2e7 TrafficControl/SPI.o
 .debug_line    0x000021a8      0x112 TrafficControl/Timer.o
 .debug_line    0x000022ba      0x3bf TrafficControl/UART.o
 .debug_line    0x00002679     0x1a87 LoconetLib/LocoNet.o
 .debug_line    0x00004100      0x279 LoconetLib/utility/ln_buf.o
 .debug_line    0x00004379      0x46b LoconetLib/utility/ln_sw_uart.o
 .debug_line    0x000047e4      0x37f Sketch.o
 .debug_line    0x00004b63      0x6e0 TrafficControl/Wire/src/utility/twi.o
 .debug_line    0x00005243      0x633 TrafficControl/Wire/src/Wire.o
 .debug_line    0x00005876      0x4d9 D:\Test\CarSystCharger\TrafficControl\ArduinoCore\Debug\libArduinoCore.a(HardwareSerial.o)
 .debug_line    0x00005d4f      0x28c D:\Test\CarSystCharger\TrafficControl\ArduinoCore\Debug\libArduinoCore.a(HardwareSerial0.o)
 .debug_line    0x00005fdb      0x165 D:\Test\CarSystCharger\TrafficControl\ArduinoCore\Debug\libArduinoCore.a(main.o)
 .debug_line    0x00006140      0x145 D:\Test\CarSystCharger\TrafficControl\ArduinoCore\Debug\libArduinoCore.a(new.o)
 .debug_line    0x00006285      0x685 D:\Test\CarSystCharger\TrafficControl\ArduinoCore\Debug\libArduinoCore.a(Print.o)
 .debug_line    0x0000690a      0x2be D:\Test\CarSystCharger\TrafficControl\ArduinoCore\Debug\libArduinoCore.a(wiring.o)
 .debug_line    0x00006bc8      0x264 D:\Test\CarSystCharger\TrafficControl\ArduinoCore\Debug\libArduinoCore.a(wiring_digital.o)

.debug_frame    0x00000000     0x22e4
 *(.debug_frame)
 .debug_frame   0x00000000      0x298 TrafficControl/Adafruit_BusIO_Register.o
 .debug_frame   0x00000298       0xb0 TrafficControl/Adafruit_GenericDevice.o
 .debug_frame   0x00000348      0x1a8 TrafficControl/Adafruit_I2CDevice.o
 .debug_frame   0x000004f0      0x298 TrafficControl/Adafruit_INA219.o
 .debug_frame   0x00000788      0x2ac TrafficControl/Adafruit_SPIDevice.o
 .debug_frame   0x00000a34       0xe0 TrafficControl/LocoPacket.o
 .debug_frame   0x00000b14       0x5c TrafficControl/SPI.o
 .debug_frame   0x00000b70       0x48 TrafficControl/Timer.o
 .debug_frame   0x00000bb8      0x138 TrafficControl/UART.o
 .debug_frame   0x00000cf0      0x7a8 LoconetLib/LocoNet.o
 .debug_frame   0x00001498       0xb4 LoconetLib/utility/ln_buf.o
 .debug_frame   0x0000154c       0xcc LoconetLib/utility/ln_sw_uart.o
 .debug_frame   0x00001618       0x80 Sketch.o
 .debug_frame   0x00001698      0x208 TrafficControl/Wire/src/utility/twi.o
 .debug_frame   0x000018a0      0x2b0 TrafficControl/Wire/src/Wire.o
 .debug_frame   0x00001b50      0x110 D:\Test\CarSystCharger\TrafficControl\ArduinoCore\Debug\libArduinoCore.a(HardwareSerial.o)
 .debug_frame   0x00001c60       0xe0 D:\Test\CarSystCharger\TrafficControl\ArduinoCore\Debug\libArduinoCore.a(HardwareSerial0.o)
 .debug_frame   0x00001d40       0x54 D:\Test\CarSystCharger\TrafficControl\ArduinoCore\Debug\libArduinoCore.a(main.o)
 .debug_frame   0x00001d94       0x64 D:\Test\CarSystCharger\TrafficControl\ArduinoCore\Debug\libArduinoCore.a(new.o)
 .debug_frame   0x00001df8      0x3ac D:\Test\CarSystCharger\TrafficControl\ArduinoCore\Debug\libArduinoCore.a(Print.o)
 .debug_frame   0x000021a4       0xc4 D:\Test\CarSystCharger\TrafficControl\ArduinoCore\Debug\libArduinoCore.a(wiring.o)
 .debug_frame   0x00002268       0x7c D:\Test\CarSystCharger\TrafficControl\ArduinoCore\Debug\libArduinoCore.a(wiring_digital.o)

.debug_str      0x00000000     0x6cc3
 *(.debug_str)
 .debug_str     0x00000000      0x318 C:/Program Files (x86)/Atmel/Studio/7.0/Packs/atmel/ATmega_DFP/1.7.374/gcc/dev/atmega328pb/avr5/crtatmega328pb.o
 .debug_str     0x00000318     0x2337 TrafficControl/Adafruit_BusIO_Register.o
                               0x24dd (size before relaxing)
 .debug_str     0x0000264f       0x99 TrafficControl/Adafruit_GenericDevice.o
                                0x557 (size before relaxing)
 .debug_str     0x000026e8      0x1b1 TrafficControl/Adafruit_I2CDevice.o
                                0x64f (size before relaxing)
 .debug_str     0x00002899      0x98b TrafficControl/Adafruit_INA219.o
                               0x2c46 (size before relaxing)
 .debug_str     0x00003224      0x1c7 TrafficControl/Adafruit_SPIDevice.o
                                0xc0a (size before relaxing)
 .debug_str     0x000033eb      0xab6 TrafficControl/LocoPacket.o
                                0xda3 (size before relaxing)
 .debug_str     0x00003ea1       0xad TrafficControl/SPI.o
                                0x690 (size before relaxing)
 .debug_str     0x00003f4e       0x65 TrafficControl/Timer.o
                                0x235 (size before relaxing)
 .debug_str     0x00003fb3      0x18f TrafficControl/UART.o
                                0x479 (size before relaxing)
 .debug_str     0x00004142     0x177b LoconetLib/LocoNet.o
                               0x24f4 (size before relaxing)
 .debug_str     0x000058bd       0x6d LoconetLib/utility/ln_buf.o
                                0x774 (size before relaxing)
 .debug_str     0x0000592a       0xd6 LoconetLib/utility/ln_sw_uart.o
                                0x97f (size before relaxing)
 .debug_str     0x00005a00       0xc3 Sketch.o
                               0x18c0 (size before relaxing)
 .debug_str     0x00005ac3      0x3a8 TrafficControl/Wire/src/utility/twi.o
                                0x4f9 (size before relaxing)
 .debug_str     0x00005e6b      0x584 TrafficControl/Wire/src/Wire.o
                               0x19a8 (size before relaxing)
 .debug_str     0x000063ef      0x400 D:\Test\CarSystCharger\TrafficControl\ArduinoCore\Debug\libArduinoCore.a(HardwareSerial.o)
                               0x1658 (size before relaxing)
 .debug_str     0x000067ef       0x47 D:\Test\CarSystCharger\TrafficControl\ArduinoCore\Debug\libArduinoCore.a(HardwareSerial0.o)
                               0x1403 (size before relaxing)
 .debug_str     0x00006836       0x37 D:\Test\CarSystCharger\TrafficControl\ArduinoCore\Debug\libArduinoCore.a(main.o)
                                0x2af (size before relaxing)
 .debug_str     0x0000686d       0x4c D:\Test\CarSystCharger\TrafficControl\ArduinoCore\Debug\libArduinoCore.a(new.o)
                                0x1da (size before relaxing)
 .debug_str     0x000068b9      0x352 D:\Test\CarSystCharger\TrafficControl\ArduinoCore\Debug\libArduinoCore.a(Print.o)
                               0x123d (size before relaxing)
 .debug_str     0x00006c0b       0x66 D:\Test\CarSystCharger\TrafficControl\ArduinoCore\Debug\libArduinoCore.a(wiring.o)
                                0x245 (size before relaxing)
 .debug_str     0x00006c71       0x52 D:\Test\CarSystCharger\TrafficControl\ArduinoCore\Debug\libArduinoCore.a(wiring_digital.o)
                                0x2aa (size before relaxing)

.debug_loc      0x00000000     0xcb2f
 *(.debug_loc)
 .debug_loc     0x00000000     0x1027 TrafficControl/Adafruit_BusIO_Register.o
 .debug_loc     0x00001027      0x4f3 TrafficControl/Adafruit_GenericDevice.o
 .debug_loc     0x0000151a      0xac7 TrafficControl/Adafruit_I2CDevice.o
 .debug_loc     0x00001fe1      0x8f0 TrafficControl/Adafruit_INA219.o
 .debug_loc     0x000028d1     0x147e TrafficControl/Adafruit_SPIDevice.o
 .debug_loc     0x00003d4f      0x5f0 TrafficControl/LocoPacket.o
 .debug_loc     0x0000433f      0x1e4 TrafficControl/SPI.o
 .debug_loc     0x00004523       0x6f TrafficControl/Timer.o
 .debug_loc     0x00004592      0x56a TrafficControl/UART.o
 .debug_loc     0x00004afc     0x382b LoconetLib/LocoNet.o
 .debug_loc     0x00008327      0x375 LoconetLib/utility/ln_buf.o
 .debug_loc     0x0000869c      0x272 LoconetLib/utility/ln_sw_uart.o
 .debug_loc     0x0000890e      0x11c Sketch.o
 .debug_loc     0x00008a2a      0x87f TrafficControl/Wire/src/utility/twi.o
 .debug_loc     0x000092a9      0xcbb TrafficControl/Wire/src/Wire.o
 .debug_loc     0x00009f64      0x449 D:\Test\CarSystCharger\TrafficControl\ArduinoCore\Debug\libArduinoCore.a(HardwareSerial.o)
 .debug_loc     0x0000a3ad      0x1b0 D:\Test\CarSystCharger\TrafficControl\ArduinoCore\Debug\libArduinoCore.a(HardwareSerial0.o)
 .debug_loc     0x0000a55d       0x72 D:\Test\CarSystCharger\TrafficControl\ArduinoCore\Debug\libArduinoCore.a(new.o)
 .debug_loc     0x0000a5cf     0x1c87 D:\Test\CarSystCharger\TrafficControl\ArduinoCore\Debug\libArduinoCore.a(Print.o)
 .debug_loc     0x0000c256      0x28d D:\Test\CarSystCharger\TrafficControl\ArduinoCore\Debug\libArduinoCore.a(wiring.o)
 .debug_loc     0x0000c4e3      0x64c D:\Test\CarSystCharger\TrafficControl\ArduinoCore\Debug\libArduinoCore.a(wiring_digital.o)

.debug_macinfo
 *(.debug_macinfo)

.debug_weaknames
 *(.debug_weaknames)

.debug_funcnames
 *(.debug_funcnames)

.debug_typenames
 *(.debug_typenames)

.debug_varnames
 *(.debug_varnames)

.debug_pubtypes
 *(.debug_pubtypes)

.debug_ranges   0x00000000      0xb10
 *(.debug_ranges)
 .debug_ranges  0x00000000       0xc0 TrafficControl/Adafruit_BusIO_Register.o
 .debug_ranges  0x000000c0       0x40 TrafficControl/Adafruit_GenericDevice.o
 .debug_ranges  0x00000100       0x88 TrafficControl/Adafruit_I2CDevice.o
 .debug_ranges  0x00000188       0x90 TrafficControl/Adafruit_INA219.o
 .debug_ranges  0x00000218       0xb8 TrafficControl/Adafruit_SPIDevice.o
 .debug_ranges  0x000002d0       0x78 TrafficControl/LocoPacket.o
 .debug_ranges  0x00000348       0x28 TrafficControl/SPI.o
 .debug_ranges  0x00000370       0x18 TrafficControl/Timer.o
 .debug_ranges  0x00000388       0x90 TrafficControl/UART.o
 .debug_ranges  0x00000418      0x2a0 LoconetLib/LocoNet.o
 .debug_ranges  0x000006b8       0x28 LoconetLib/utility/ln_buf.o
 .debug_ranges  0x000006e0       0x30 LoconetLib/utility/ln_sw_uart.o
 .debug_ranges  0x00000710       0x28 Sketch.o
 .debug_ranges  0x00000738       0x88 TrafficControl/Wire/src/utility/twi.o
 .debug_ranges  0x000007c0      0x100 TrafficControl/Wire/src/Wire.o
 .debug_ranges  0x000008c0       0x58 D:\Test\CarSystCharger\TrafficControl\ArduinoCore\Debug\libArduinoCore.a(HardwareSerial.o)
 .debug_ranges  0x00000918       0x38 D:\Test\CarSystCharger\TrafficControl\ArduinoCore\Debug\libArduinoCore.a(HardwareSerial0.o)
 .debug_ranges  0x00000950       0x20 D:\Test\CarSystCharger\TrafficControl\ArduinoCore\Debug\libArduinoCore.a(main.o)
 .debug_ranges  0x00000970       0x20 D:\Test\CarSystCharger\TrafficControl\ArduinoCore\Debug\libArduinoCore.a(new.o)
 .debug_ranges  0x00000990      0x120 D:\Test\CarSystCharger\TrafficControl\ArduinoCore\Debug\libArduinoCore.a(Print.o)
 .debug_ranges  0x00000ab0       0x38 D:\Test\CarSystCharger\TrafficControl\ArduinoCore\Debug\libArduinoCore.a(wiring.o)
 .debug_ranges  0x00000ae8       0x28 D:\Test\CarSystCharger\TrafficControl\ArduinoCore\Debug\libArduinoCore.a(wiring_digital.o)

.debug_macro
 *(.debug_macro)
OUTPUT(TrafficControl.elf elf32-avr)
LOAD linker stubs
